Archive member included because of file (symbol)

c:/imt_sdk_win_64/imt_sdk_win_64/winavr/bin/../lib/gcc/avr/4.3.3/avr5\libgcc.a(_udivmodqi4.o)
                              ./HAL/SEV/SEV.o (__udivmodqi4)
c:/imt_sdk_win_64/imt_sdk_win_64/winavr/bin/../lib/gcc/avr/4.3.3/avr5\libgcc.a(_divmodhi4.o)
                              ./HAL/LCD/LCD.o (__divmodhi4)
c:/imt_sdk_win_64/imt_sdk_win_64/winavr/bin/../lib/gcc/avr/4.3.3/avr5\libgcc.a(_exit.o)
                              c:/imt_sdk_win_64/imt_sdk_win_64/winavr/bin/../lib/gcc/avr/4.3.3/../../../../avr/lib/avr5/crtm32.o (exit)
c:/imt_sdk_win_64/imt_sdk_win_64/winavr/bin/../lib/gcc/avr/4.3.3/avr5\libgcc.a(_copy_data.o)
                              ./SERVICE/ICUM/ICUM.o (__do_copy_data)
c:/imt_sdk_win_64/imt_sdk_win_64/winavr/bin/../lib/gcc/avr/4.3.3/avr5\libgcc.a(_clear_bss.o)
                              ./SERVICE/SVAR/SVAR.o (__do_clear_bss)
c:/imt_sdk_win_64/imt_sdk_win_64/winavr/bin/../lib/gcc/avr/4.3.3/avr5\libgcc.a(_fixunssfsi.o)
                              ./HAL/LCD/LCD.o (__fixunssfsi)
c:/imt_sdk_win_64/imt_sdk_win_64/winavr/bin/../lib/gcc/avr/4.3.3/avr5\libgcc.a(_addsub_sf.o)
                              ./SERVICE/ICUM/ICUM.o (__subsf3)
c:/imt_sdk_win_64/imt_sdk_win_64/winavr/bin/../lib/gcc/avr/4.3.3/avr5\libgcc.a(_mul_sf.o)
                              ./MCAL/ADC/ADC.o (__mulsf3)
c:/imt_sdk_win_64/imt_sdk_win_64/winavr/bin/../lib/gcc/avr/4.3.3/avr5\libgcc.a(_div_sf.o)
                              ./SERVICE/ICUM/ICUM.o (__divsf3)
c:/imt_sdk_win_64/imt_sdk_win_64/winavr/bin/../lib/gcc/avr/4.3.3/avr5\libgcc.a(_gt_sf.o)
                              ./HAL/LCD/LCD.o (__gtsf2)
c:/imt_sdk_win_64/imt_sdk_win_64/winavr/bin/../lib/gcc/avr/4.3.3/avr5\libgcc.a(_ge_sf.o)
                              c:/imt_sdk_win_64/imt_sdk_win_64/winavr/bin/../lib/gcc/avr/4.3.3/avr5\libgcc.a(_fixunssfsi.o) (__gesf2)
c:/imt_sdk_win_64/imt_sdk_win_64/winavr/bin/../lib/gcc/avr/4.3.3/avr5\libgcc.a(_lt_sf.o)
                              ./HAL/LCD/LCD.o (__ltsf2)
c:/imt_sdk_win_64/imt_sdk_win_64/winavr/bin/../lib/gcc/avr/4.3.3/avr5\libgcc.a(_si_to_sf.o)
                              ./SERVICE/ICUM/ICUM.o (__floatsisf)
c:/imt_sdk_win_64/imt_sdk_win_64/winavr/bin/../lib/gcc/avr/4.3.3/avr5\libgcc.a(_sf_to_si.o)
                              ./HAL/LCD/LCD.o (__fixsfsi)
c:/imt_sdk_win_64/imt_sdk_win_64/winavr/bin/../lib/gcc/avr/4.3.3/avr5\libgcc.a(_thenan_sf.o)
                              c:/imt_sdk_win_64/imt_sdk_win_64/winavr/bin/../lib/gcc/avr/4.3.3/avr5\libgcc.a(_addsub_sf.o) (__thenan_sf)
c:/imt_sdk_win_64/imt_sdk_win_64/winavr/bin/../lib/gcc/avr/4.3.3/avr5\libgcc.a(_usi_to_sf.o)
                              ./SERVICE/ICUM/ICUM.o (__floatunsisf)
c:/imt_sdk_win_64/imt_sdk_win_64/winavr/bin/../lib/gcc/avr/4.3.3/avr5\libgcc.a(_udivmodhi4.o)
                              c:/imt_sdk_win_64/imt_sdk_win_64/winavr/bin/../lib/gcc/avr/4.3.3/avr5\libgcc.a(_divmodhi4.o) (__udivmodhi4)
c:/imt_sdk_win_64/imt_sdk_win_64/winavr/bin/../lib/gcc/avr/4.3.3/avr5\libgcc.a(_prologue.o)
                              c:/imt_sdk_win_64/imt_sdk_win_64/winavr/bin/../lib/gcc/avr/4.3.3/avr5\libgcc.a(_addsub_sf.o) (__prologue_saves__)
c:/imt_sdk_win_64/imt_sdk_win_64/winavr/bin/../lib/gcc/avr/4.3.3/avr5\libgcc.a(_epilogue.o)
                              c:/imt_sdk_win_64/imt_sdk_win_64/winavr/bin/../lib/gcc/avr/4.3.3/avr5\libgcc.a(_addsub_sf.o) (__epilogue_restores__)
c:/imt_sdk_win_64/imt_sdk_win_64/winavr/bin/../lib/gcc/avr/4.3.3/avr5\libgcc.a(_clzsi2.o)
                              c:/imt_sdk_win_64/imt_sdk_win_64/winavr/bin/../lib/gcc/avr/4.3.3/avr5\libgcc.a(_si_to_sf.o) (__clzsi2)
c:/imt_sdk_win_64/imt_sdk_win_64/winavr/bin/../lib/gcc/avr/4.3.3/avr5\libgcc.a(_pack_sf.o)
                              c:/imt_sdk_win_64/imt_sdk_win_64/winavr/bin/../lib/gcc/avr/4.3.3/avr5\libgcc.a(_addsub_sf.o) (__pack_f)
c:/imt_sdk_win_64/imt_sdk_win_64/winavr/bin/../lib/gcc/avr/4.3.3/avr5\libgcc.a(_unpack_sf.o)
                              c:/imt_sdk_win_64/imt_sdk_win_64/winavr/bin/../lib/gcc/avr/4.3.3/avr5\libgcc.a(_addsub_sf.o) (__unpack_f)
c:/imt_sdk_win_64/imt_sdk_win_64/winavr/bin/../lib/gcc/avr/4.3.3/avr5\libgcc.a(_fpcmp_parts_sf.o)
                              c:/imt_sdk_win_64/imt_sdk_win_64/winavr/bin/../lib/gcc/avr/4.3.3/avr5\libgcc.a(_gt_sf.o) (__fpcmp_parts_f)
c:/imt_sdk_win_64/imt_sdk_win_64/winavr/bin/../lib/gcc/avr/4.3.3/avr5\libgcc.a(_clz.o)
                              c:/imt_sdk_win_64/imt_sdk_win_64/winavr/bin/../lib/gcc/avr/4.3.3/avr5\libgcc.a(_clzsi2.o) (__clz_tab)

Allocating common symbols
Common symbol       size              file

EXTINT2_pfCallback  0x2               ./MCAL/EXTINT/EXTINT2/EXTINT2.o
ADC_pfCallback      0x2               ./MCAL/ADC/ADC.o
LM35_u8Channel      0x1               ./HAL/LM35/LM35.o
TIM0_pfCtcCallback  0x2               ./MCAL/TIM/TIM0/TIM0.o
ADC_ReadValue       0x2               ./MCAL/ADC/ADC.o
TIM0_pfOvfCallback  0x2               ./MCAL/TIM/TIM0/TIM0.o
TIM2_pfOvfCallback  0x2               ./MCAL/TIM/TIM2/TIM2.o
ICUM_u8ActiveVariant
                    0x1               ./SERVICE/ICUM/ICUM.o
SVAR_u8ActiveVarient
                    0x1               ./SERVICE/SVAR/SVAR.o
SPI_u8RxBuffer      0x1               ./MCAL/SPI/SPI.o
EXTINT1_pfCallback  0x2               ./MCAL/EXTINT/EXTINT1/EXTINT1.o
SPI_u8TxState       0x1               ./MCAL/SPI/SPI.o
Temp_u8Channel      0x1               ./APP/Temp/Temp.o
TIM2_pfCtcCallback  0x2               ./MCAL/TIM/TIM2/TIM2.o
EXTINT0_pfCallback  0x2               ./MCAL/EXTINT/EXTINT0/EXTINT0.o

Memory Configuration

Name             Origin             Length             Attributes
text             0x00000000         0x00020000         xr
data             0x00800060         0x0000ffa0         rw !x
eeprom           0x00810000         0x00010000         rw !x
fuse             0x00820000         0x00000400         rw !x
lock             0x00830000         0x00000400         rw !x
signature        0x00840000         0x00000400         rw !x
*default*        0x00000000         0xffffffff

Linker script and memory map

LOAD c:/imt_sdk_win_64/imt_sdk_win_64/winavr/bin/../lib/gcc/avr/4.3.3/../../../../avr/lib/avr5/crtm32.o
LOAD ./SERVICE/SVAR/SVAR.o
LOAD ./SERVICE/ICUM/ICUM.o
LOAD ./SERVICE/ICUM/ICUM_cfg.o
LOAD ./MCAL/UART/UART.o
LOAD ./MCAL/TIM/TIM2/TIM2.o
LOAD ./MCAL/TIM/TIM0/TIM0.o
LOAD ./MCAL/SPI/SPI.o
LOAD ./MCAL/I2C/I2C.o
LOAD ./MCAL/GIE/GIE.o
LOAD ./MCAL/EXTINT/EXTINT2/EXTINT2.o
LOAD ./MCAL/EXTINT/EXTINT1/EXTINT1.o
LOAD ./MCAL/EXTINT/EXTINT0/EXTINT0.o
LOAD ./MCAL/DIO/DIO.o
LOAD ./MCAL/ADC/ADC.o
LOAD ./HAL/SEV/SEV.o
LOAD ./HAL/SEV/SEV_cfg.o
LOAD ./HAL/RELAY/RELAY.o
LOAD ./HAL/RELAY/RELAY_cfg.o
LOAD ./HAL/LM35/LM35.o
LOAD ./HAL/LM35/LM35_cfg.o
LOAD ./HAL/LED/LED.o
LOAD ./HAL/LED/LED_cfg.o
LOAD ./HAL/LCD/LCD.o
LOAD ./HAL/LCD/LCD_cfg.o
LOAD ./HAL/KEYPAD/KEYPAD_prog.o
LOAD ./HAL/EXT_EEPROM/EEPROM.o
LOAD ./HAL/DC_Motor/DC_Motor.o
LOAD ./HAL/DC_Motor/DC_Motor_cfg.o
LOAD ./HAL/BUTTON/BUTTON.o
LOAD ./HAL/BUTTON/BUTTON_cfg.o
LOAD ./APP/Temp/Temp.o
LOAD ./APP/Temp/Temp_cfg.o
LOAD ./APP/2_SEV/7_seg.o
LOAD ./APP/calc.o
LOAD ./APP/main.o
LOAD c:/imt_sdk_win_64/imt_sdk_win_64/winavr/bin/../lib/gcc/avr/4.3.3/avr5\libgcc.a
LOAD c:/imt_sdk_win_64/imt_sdk_win_64/winavr/bin/../lib/gcc/avr/4.3.3/../../../../avr/lib/avr5\libc.a
LOAD c:/imt_sdk_win_64/imt_sdk_win_64/winavr/bin/../lib/gcc/avr/4.3.3/avr5\libgcc.a

.hash
 *(.hash)

.dynsym
 *(.dynsym)

.dynstr
 *(.dynstr)

.gnu.version
 *(.gnu.version)

.gnu.version_d
 *(.gnu.version_d)

.gnu.version_r
 *(.gnu.version_r)

.rel.init
 *(.rel.init)

.rela.init
 *(.rela.init)

.rel.text
 *(.rel.text)
 *(.rel.text.*)
 *(.rel.gnu.linkonce.t*)

.rela.text
 *(.rela.text)
 *(.rela.text.*)
 *(.rela.gnu.linkonce.t*)

.rel.fini
 *(.rel.fini)

.rela.fini
 *(.rela.fini)

.rel.rodata
 *(.rel.rodata)
 *(.rel.rodata.*)
 *(.rel.gnu.linkonce.r*)

.rela.rodata
 *(.rela.rodata)
 *(.rela.rodata.*)
 *(.rela.gnu.linkonce.r*)

.rel.data
 *(.rel.data)
 *(.rel.data.*)
 *(.rel.gnu.linkonce.d*)

.rela.data
 *(.rela.data)
 *(.rela.data.*)
 *(.rela.gnu.linkonce.d*)

.rel.ctors
 *(.rel.ctors)

.rela.ctors
 *(.rela.ctors)

.rel.dtors
 *(.rel.dtors)

.rela.dtors
 *(.rela.dtors)

.rel.got
 *(.rel.got)

.rela.got
 *(.rela.got)

.rel.bss
 *(.rel.bss)

.rela.bss
 *(.rela.bss)

.rel.plt
 *(.rel.plt)

.rela.plt
 *(.rela.plt)

.text           0x00000000     0x7356
 *(.vectors)
 .vectors       0x00000000       0x54 c:/imt_sdk_win_64/imt_sdk_win_64/winavr/bin/../lib/gcc/avr/4.3.3/../../../../avr/lib/avr5/crtm32.o
                0x00000000                __vectors
                0x00000000                __vector_default
 *(.vectors)
 *(.progmem.gcc*)
 *(.progmem*)
                0x00000054                . = ALIGN (0x2)
                0x00000054                __trampolines_start = .
 *(.trampolines)
 .trampolines   0x00000054        0x0 linker stubs
 *(.trampolines*)
                0x00000054                __trampolines_end = .
 *(.jumptables)
 *(.jumptables*)
 *(.lowtext)
 *(.lowtext*)
                0x00000054                __ctors_start = .
 *(.ctors)
                0x00000054                __ctors_end = .
                0x00000054                __dtors_start = .
 *(.dtors)
                0x00000054                __dtors_end = .
 SORT(*)(.ctors)
 SORT(*)(.dtors)
 *(.init0)
 .init0         0x00000054        0x0 c:/imt_sdk_win_64/imt_sdk_win_64/winavr/bin/../lib/gcc/avr/4.3.3/../../../../avr/lib/avr5/crtm32.o
                0x00000054                __init
 *(.init0)
 *(.init1)
 *(.init1)
 *(.init2)
 .init2         0x00000054        0xc c:/imt_sdk_win_64/imt_sdk_win_64/winavr/bin/../lib/gcc/avr/4.3.3/../../../../avr/lib/avr5/crtm32.o
 *(.init2)
 *(.init3)
 *(.init3)
 *(.init4)
 .init4         0x00000060       0x16 c:/imt_sdk_win_64/imt_sdk_win_64/winavr/bin/../lib/gcc/avr/4.3.3/avr5\libgcc.a(_copy_data.o)
                0x00000060                __do_copy_data
 .init4         0x00000076       0x10 c:/imt_sdk_win_64/imt_sdk_win_64/winavr/bin/../lib/gcc/avr/4.3.3/avr5\libgcc.a(_clear_bss.o)
                0x00000076                __do_clear_bss
 *(.init4)
 *(.init5)
 *(.init5)
 *(.init6)
 *(.init6)
 *(.init7)
 *(.init7)
 *(.init8)
 *(.init8)
 *(.init9)
 .init9         0x00000086        0x8 c:/imt_sdk_win_64/imt_sdk_win_64/winavr/bin/../lib/gcc/avr/4.3.3/../../../../avr/lib/avr5/crtm32.o
 *(.init9)
 *(.text)
 .text          0x0000008e        0x4 c:/imt_sdk_win_64/imt_sdk_win_64/winavr/bin/../lib/gcc/avr/4.3.3/../../../../avr/lib/avr5/crtm32.o
                0x0000008e                __bad_interrupt
                0x0000008e                __vector_6
                0x0000008e                __vector_13
                0x0000008e                __vector_17
                0x0000008e                __vector_19
                0x0000008e                __vector_7
                0x0000008e                __vector_9
                0x0000008e                __vector_15
                0x0000008e                __vector_8
                0x0000008e                __vector_14
                0x0000008e                __vector_18
                0x0000008e                __vector_20
 .text          0x00000092        0x0 ./SERVICE/SVAR/SVAR.o
 .text          0x00000092        0x0 ./SERVICE/ICUM/ICUM.o
 .text          0x00000092        0x0 ./SERVICE/ICUM/ICUM_cfg.o
 .text          0x00000092        0x0 ./MCAL/UART/UART.o
 .text          0x00000092        0x0 ./MCAL/TIM/TIM2/TIM2.o
 .text          0x00000092        0x0 ./MCAL/TIM/TIM0/TIM0.o
 .text          0x00000092        0x0 ./MCAL/SPI/SPI.o
 .text          0x00000092        0x0 ./MCAL/I2C/I2C.o
 .text          0x00000092        0x0 ./MCAL/GIE/GIE.o
 .text          0x00000092        0x0 ./MCAL/EXTINT/EXTINT2/EXTINT2.o
 .text          0x00000092        0x0 ./MCAL/EXTINT/EXTINT1/EXTINT1.o
 .text          0x00000092        0x0 ./MCAL/EXTINT/EXTINT0/EXTINT0.o
 .text          0x00000092        0x0 ./MCAL/DIO/DIO.o
 .text          0x00000092        0x0 ./MCAL/ADC/ADC.o
 .text          0x00000092        0x0 ./HAL/SEV/SEV.o
 .text          0x00000092        0x0 ./HAL/SEV/SEV_cfg.o
 .text          0x00000092        0x0 ./HAL/RELAY/RELAY.o
 .text          0x00000092        0x0 ./HAL/RELAY/RELAY_cfg.o
 .text          0x00000092        0x0 ./HAL/LM35/LM35.o
 .text          0x00000092        0x0 ./HAL/LM35/LM35_cfg.o
 .text          0x00000092        0x0 ./HAL/LED/LED.o
 .text          0x00000092        0x0 ./HAL/LED/LED_cfg.o
 .text          0x00000092        0x0 ./HAL/LCD/LCD.o
 .text          0x00000092        0x0 ./HAL/LCD/LCD_cfg.o
 .text          0x00000092        0x0 ./HAL/KEYPAD/KEYPAD_prog.o
 .text          0x00000092        0x0 ./HAL/EXT_EEPROM/EEPROM.o
 .text          0x00000092        0x0 ./HAL/DC_Motor/DC_Motor.o
 .text          0x00000092        0x0 ./HAL/DC_Motor/DC_Motor_cfg.o
 .text          0x00000092        0x0 ./HAL/BUTTON/BUTTON.o
 .text          0x00000092        0x0 ./HAL/BUTTON/BUTTON_cfg.o
 .text          0x00000092        0x0 ./APP/Temp/Temp.o
 .text          0x00000092        0x0 ./APP/Temp/Temp_cfg.o
 .text          0x00000092        0x0 ./APP/2_SEV/7_seg.o
 .text          0x00000092        0x0 ./APP/calc.o
 .text          0x00000092        0x0 ./APP/main.o
 .text          0x00000092        0x0 c:/imt_sdk_win_64/imt_sdk_win_64/winavr/bin/../lib/gcc/avr/4.3.3/avr5\libgcc.a(_udivmodqi4.o)
 .text          0x00000092        0x0 c:/imt_sdk_win_64/imt_sdk_win_64/winavr/bin/../lib/gcc/avr/4.3.3/avr5\libgcc.a(_divmodhi4.o)
 .text          0x00000092        0x0 c:/imt_sdk_win_64/imt_sdk_win_64/winavr/bin/../lib/gcc/avr/4.3.3/avr5\libgcc.a(_exit.o)
 .text          0x00000092        0x0 c:/imt_sdk_win_64/imt_sdk_win_64/winavr/bin/../lib/gcc/avr/4.3.3/avr5\libgcc.a(_copy_data.o)
 .text          0x00000092        0x0 c:/imt_sdk_win_64/imt_sdk_win_64/winavr/bin/../lib/gcc/avr/4.3.3/avr5\libgcc.a(_clear_bss.o)
 .text          0x00000092       0x58 c:/imt_sdk_win_64/imt_sdk_win_64/winavr/bin/../lib/gcc/avr/4.3.3/avr5\libgcc.a(_fixunssfsi.o)
                0x00000092                __fixunssfsi
 .text          0x000000ea      0x354 c:/imt_sdk_win_64/imt_sdk_win_64/winavr/bin/../lib/gcc/avr/4.3.3/avr5\libgcc.a(_addsub_sf.o)
                0x00000382                __subsf3
                0x000003e4                __addsf3
 .text          0x0000043e      0x1f4 c:/imt_sdk_win_64/imt_sdk_win_64/winavr/bin/../lib/gcc/avr/4.3.3/avr5\libgcc.a(_mul_sf.o)
                0x0000043e                __mulsf3
 .text          0x00000632      0x158 c:/imt_sdk_win_64/imt_sdk_win_64/winavr/bin/../lib/gcc/avr/4.3.3/avr5\libgcc.a(_div_sf.o)
                0x00000632                __divsf3
 .text          0x0000078a       0x60 c:/imt_sdk_win_64/imt_sdk_win_64/winavr/bin/../lib/gcc/avr/4.3.3/avr5\libgcc.a(_gt_sf.o)
                0x0000078a                __gtsf2
 .text          0x000007ea       0x60 c:/imt_sdk_win_64/imt_sdk_win_64/winavr/bin/../lib/gcc/avr/4.3.3/avr5\libgcc.a(_ge_sf.o)
                0x000007ea                __gesf2
 .text          0x0000084a       0x60 c:/imt_sdk_win_64/imt_sdk_win_64/winavr/bin/../lib/gcc/avr/4.3.3/avr5\libgcc.a(_lt_sf.o)
                0x0000084a                __ltsf2
 .text          0x000008aa       0xbc c:/imt_sdk_win_64/imt_sdk_win_64/winavr/bin/../lib/gcc/avr/4.3.3/avr5\libgcc.a(_si_to_sf.o)
                0x000008aa                __floatsisf
 .text          0x00000966       0xa8 c:/imt_sdk_win_64/imt_sdk_win_64/winavr/bin/../lib/gcc/avr/4.3.3/avr5\libgcc.a(_sf_to_si.o)
                0x00000966                __fixsfsi
 .text          0x00000a0e        0x0 c:/imt_sdk_win_64/imt_sdk_win_64/winavr/bin/../lib/gcc/avr/4.3.3/avr5\libgcc.a(_thenan_sf.o)
 .text          0x00000a0e       0xf2 c:/imt_sdk_win_64/imt_sdk_win_64/winavr/bin/../lib/gcc/avr/4.3.3/avr5\libgcc.a(_usi_to_sf.o)
                0x00000a0e                __floatunsisf
 .text          0x00000b00        0x0 c:/imt_sdk_win_64/imt_sdk_win_64/winavr/bin/../lib/gcc/avr/4.3.3/avr5\libgcc.a(_udivmodhi4.o)
 .text          0x00000b00        0x0 c:/imt_sdk_win_64/imt_sdk_win_64/winavr/bin/../lib/gcc/avr/4.3.3/avr5\libgcc.a(_prologue.o)
 .text          0x00000b00        0x0 c:/imt_sdk_win_64/imt_sdk_win_64/winavr/bin/../lib/gcc/avr/4.3.3/avr5\libgcc.a(_epilogue.o)
 .text          0x00000b00       0x9e c:/imt_sdk_win_64/imt_sdk_win_64/winavr/bin/../lib/gcc/avr/4.3.3/avr5\libgcc.a(_clzsi2.o)
                0x00000b00                __clzsi2
 .text          0x00000b9e      0x1aa c:/imt_sdk_win_64/imt_sdk_win_64/winavr/bin/../lib/gcc/avr/4.3.3/avr5\libgcc.a(_pack_sf.o)
                0x00000b9e                __pack_f
 .text          0x00000d48       0xf0 c:/imt_sdk_win_64/imt_sdk_win_64/winavr/bin/../lib/gcc/avr/4.3.3/avr5\libgcc.a(_unpack_sf.o)
                0x00000d48                __unpack_f
 .text          0x00000e38       0xb2 c:/imt_sdk_win_64/imt_sdk_win_64/winavr/bin/../lib/gcc/avr/4.3.3/avr5\libgcc.a(_fpcmp_parts_sf.o)
                0x00000e38                __fpcmp_parts_f
 .text          0x00000eea        0x0 c:/imt_sdk_win_64/imt_sdk_win_64/winavr/bin/../lib/gcc/avr/4.3.3/avr5\libgcc.a(_clz.o)
                0x00000eea                . = ALIGN (0x2)
 *(.text.*)
 .text.SVAR_voidInit
                0x00000eea       0x1a ./SERVICE/SVAR/SVAR.o
                0x00000eea                SVAR_voidInit
 .text.SVAR_u8GetActiveVariant
                0x00000f04       0x12 ./SERVICE/SVAR/SVAR.o
                0x00000f04                SVAR_u8GetActiveVariant
 .text.ICUM_voidInit
                0x00000f16       0x7a ./SERVICE/ICUM/ICUM.o
                0x00000f16                ICUM_voidInit
 .text.ICUM_voidGetFreqDuty
                0x00000f90       0xbc ./SERVICE/ICUM/ICUM.o
                0x00000f90                ICUM_voidGetFreqDuty
 .text.ICUM_voidExtIntISR
                0x0000104c      0x2fa ./SERVICE/ICUM/ICUM.o
                0x0000104c                ICUM_voidExtIntISR
 .text.ICUM_voidOvfIsr
                0x00001346       0x2a ./SERVICE/ICUM/ICUM.o
                0x00001346                ICUM_voidOvfIsr
 .text.UART_voidInit
                0x00001370       0xde ./MCAL/UART/UART.o
                0x00001370                UART_voidInit
 .text.UART_voidSendByte
                0x0000144e       0x34 ./MCAL/UART/UART.o
                0x0000144e                UART_voidSendByte
 .text.UART_voidRecieveByte
                0x00001482       0x4c ./MCAL/UART/UART.o
                0x00001482                UART_voidRecieveByte
 .text.TIM2_voidInit
                0x000014ce       0x8a ./MCAL/TIM/TIM2/TIM2.o
                0x000014ce                TIM2_voidInit
 .text.TIM2_voidSetPreloadValue
                0x00001558       0x1c ./MCAL/TIM/TIM2/TIM2.o
                0x00001558                TIM2_voidSetPreloadValue
 .text.TIM2_voidSetOutputCompareValue
                0x00001574       0x1c ./MCAL/TIM/TIM2/TIM2.o
                0x00001574                TIM2_voidSetOutputCompareValue
 .text.TIM2_voidEnableOVFIntterrupt
                0x00001590       0x1c ./MCAL/TIM/TIM2/TIM2.o
                0x00001590                TIM2_voidEnableOVFIntterrupt
 .text.TIM2_voidDisableOVFIntterrupt
                0x000015ac       0x1c ./MCAL/TIM/TIM2/TIM2.o
                0x000015ac                TIM2_voidDisableOVFIntterrupt
 .text.TIM2_voidEnableCTCIntterrupt
                0x000015c8       0x1c ./MCAL/TIM/TIM2/TIM2.o
                0x000015c8                TIM2_voidEnableCTCIntterrupt
 .text.TIM2_voidDisableCTCIntterrupt
                0x000015e4       0x1c ./MCAL/TIM/TIM2/TIM2.o
                0x000015e4                TIM2_voidDisableCTCIntterrupt
 .text.TIM2_voidSetOvfCallback
                0x00001600       0x24 ./MCAL/TIM/TIM2/TIM2.o
                0x00001600                TIM2_voidSetOvfCallback
 .text.TIM2_voidSetCtcCallback
                0x00001624       0x24 ./MCAL/TIM/TIM2/TIM2.o
                0x00001624                TIM2_voidSetCtcCallback
 .text.TIM2_u16GetCntrValue
                0x00001648       0x18 ./MCAL/TIM/TIM2/TIM2.o
                0x00001648                TIM2_u16GetCntrValue
 .text.__vector_5
                0x00001660       0x5a ./MCAL/TIM/TIM2/TIM2.o
                0x00001660                __vector_5
 .text.__vector_4
                0x000016ba       0x5a ./MCAL/TIM/TIM2/TIM2.o
                0x000016ba                __vector_4
 .text.TIM2_voidDelayMs
                0x00001714       0x18 ./MCAL/TIM/TIM2/TIM2.o
                0x00001714                TIM2_voidDelayMs
 .text.TIM0_voidInit
                0x0000172c       0x8a ./MCAL/TIM/TIM0/TIM0.o
                0x0000172c                TIM0_voidInit
 .text.TIM0_voidSetPreloadValue
                0x000017b6       0x1c ./MCAL/TIM/TIM0/TIM0.o
                0x000017b6                TIM0_voidSetPreloadValue
 .text.TIM0_voidSetOutputCompareValue
                0x000017d2       0x1c ./MCAL/TIM/TIM0/TIM0.o
                0x000017d2                TIM0_voidSetOutputCompareValue
 .text.TIM0_voidEnableOVFIntterrupt
                0x000017ee       0x1c ./MCAL/TIM/TIM0/TIM0.o
                0x000017ee                TIM0_voidEnableOVFIntterrupt
 .text.TIM0_voidDisableOVFIntterrupt
                0x0000180a       0x1c ./MCAL/TIM/TIM0/TIM0.o
                0x0000180a                TIM0_voidDisableOVFIntterrupt
 .text.TIM0_voidEnableCTCIntterrupt
                0x00001826       0x1c ./MCAL/TIM/TIM0/TIM0.o
                0x00001826                TIM0_voidEnableCTCIntterrupt
 .text.TIM0_voidDisableCTCIntterrupt
                0x00001842       0x1c ./MCAL/TIM/TIM0/TIM0.o
                0x00001842                TIM0_voidDisableCTCIntterrupt
 .text.TIM0_voidSetOvfCallback
                0x0000185e       0x24 ./MCAL/TIM/TIM0/TIM0.o
                0x0000185e                TIM0_voidSetOvfCallback
 .text.TIM0_voidSetCtcCallback
                0x00001882       0x24 ./MCAL/TIM/TIM0/TIM0.o
                0x00001882                TIM0_voidSetCtcCallback
 .text.__vector_11
                0x000018a6       0x80 ./MCAL/TIM/TIM0/TIM0.o
                0x000018a6                __vector_11
 .text.__vector_10
                0x00001926       0xd6 ./MCAL/TIM/TIM0/TIM0.o
                0x00001926                __vector_10
 .text.TIM0_voidDelayMs
                0x000019fc       0x46 ./MCAL/TIM/TIM0/TIM0.o
                0x000019fc                TIM0_voidDelayMs
 .text.TIM0_u16GetCntrValue
                0x00001a42       0x18 ./MCAL/TIM/TIM0/TIM0.o
                0x00001a42                TIM0_u16GetCntrValue
 .text.TIM0_voidFPWMInit
                0x00001a5a       0x2e ./MCAL/TIM/TIM0/TIM0.o
                0x00001a5a                TIM0_voidFPWMInit
 .text.SPI_voidInit
                0x00001a88       0x16 ./MCAL/SPI/SPI.o
                0x00001a88                SPI_voidInit
 .text.SPI_u8DataTransfer_Sync
                0x00001a9e       0x26 ./MCAL/SPI/SPI.o
                0x00001a9e                SPI_u8DataTransfer_Sync
 .text.SPI_voidDataTransfer_Async
                0x00001ac4       0x22 ./MCAL/SPI/SPI.o
                0x00001ac4                SPI_voidDataTransfer_Async
 .text.SPI_enuWriteStatus_Async
                0x00001ae6       0x48 ./MCAL/SPI/SPI.o
                0x00001ae6                SPI_enuWriteStatus_Async
 .text.SPI_u8DataRecieve_Async
                0x00001b2e       0x12 ./MCAL/SPI/SPI.o
                0x00001b2e                SPI_u8DataRecieve_Async
 .text.SPI_u8DataRecieve_Sync
                0x00001b40       0x1e ./MCAL/SPI/SPI.o
                0x00001b40                SPI_u8DataRecieve_Sync
 .text.SPI_voidSetInterruptState
                0x00001b5e       0x38 ./MCAL/SPI/SPI.o
                0x00001b5e                SPI_voidSetInterruptState
 .text.__vector_12
                0x00001b96       0x62 ./MCAL/SPI/SPI.o
                0x00001b96                __vector_12
 .text.I2C_voidInit
                0x00001bf8       0x8c ./MCAL/I2C/I2C.o
                0x00001bf8                I2C_voidInit
 .text.I2C_voidMasterTransmit
                0x00001c84       0x90 ./MCAL/I2C/I2C.o
                0x00001c84                I2C_voidMasterTransmit
 .text.I2C_voidSlaveReceive
                0x00001d14       0xa2 ./MCAL/I2C/I2C.o
                0x00001d14                I2C_voidSlaveReceive
 .text.TWI_voidStart
                0x00001db6       0x42 ./MCAL/I2C/I2C.o
                0x00001db6                TWI_voidStart
 .text.TWI_voidStop
                0x00001df8       0x46 ./MCAL/I2C/I2C.o
                0x00001df8                TWI_voidStop
 .text.TWI_voidWrite
                0x00001e3e       0x42 ./MCAL/I2C/I2C.o
                0x00001e3e                TWI_voidWrite
 .text.TWI_u8Read_ACK
                0x00001e80       0x52 ./MCAL/I2C/I2C.o
                0x00001e80                TWI_u8Read_ACK
 .text.TWI_u8Read_NACK
                0x00001ed2       0x52 ./MCAL/I2C/I2C.o
                0x00001ed2                TWI_u8Read_NACK
 .text.TWI_u8Get_Status
                0x00001f24       0x20 ./MCAL/I2C/I2C.o
                0x00001f24                TWI_u8Get_Status
 .text.GIE_voidEnable
                0x00001f44       0x1c ./MCAL/GIE/GIE.o
                0x00001f44                GIE_voidEnable
 .text.GIE_voidDisable
                0x00001f60       0x1c ./MCAL/GIE/GIE.o
                0x00001f60                GIE_voidDisable
 .text.EXTINT2_voidInit
                0x00001f7c       0x38 ./MCAL/EXTINT/EXTINT2/EXTINT2.o
                0x00001f7c                EXTINT2_voidInit
 .text.EXTINT2_voidEnable
                0x00001fb4       0x1c ./MCAL/EXTINT/EXTINT2/EXTINT2.o
                0x00001fb4                EXTINT2_voidEnable
 .text.EXTINT2_voidDisable
                0x00001fd0       0x1c ./MCAL/EXTINT/EXTINT2/EXTINT2.o
                0x00001fd0                EXTINT2_voidDisable
 .text.EXTINT2_voidSetCallBack
                0x00001fec       0x24 ./MCAL/EXTINT/EXTINT2/EXTINT2.o
                0x00001fec                EXTINT2_voidSetCallBack
 .text.__vector_3
                0x00002010       0x5a ./MCAL/EXTINT/EXTINT2/EXTINT2.o
                0x00002010                __vector_3
 .text.EXTINT1_voidInit
                0x0000206a       0x46 ./MCAL/EXTINT/EXTINT1/EXTINT1.o
                0x0000206a                EXTINT1_voidInit
 .text.EXTINT1_voidEnable
                0x000020b0       0x1c ./MCAL/EXTINT/EXTINT1/EXTINT1.o
                0x000020b0                EXTINT1_voidEnable
 .text.EXTINT1_voidDisable
                0x000020cc       0x1c ./MCAL/EXTINT/EXTINT1/EXTINT1.o
                0x000020cc                EXTINT1_voidDisable
 .text.EXTINT1_voidSetCallBack
                0x000020e8       0x24 ./MCAL/EXTINT/EXTINT1/EXTINT1.o
                0x000020e8                EXTINT1_voidSetCallBack
 .text.EXTINT1_voidSetSenseValue
                0x0000210c       0x74 ./MCAL/EXTINT/EXTINT1/EXTINT1.o
                0x0000210c                EXTINT1_voidSetSenseValue
 .text.__vector_2
                0x00002180       0x5a ./MCAL/EXTINT/EXTINT1/EXTINT1.o
                0x00002180                __vector_2
 .text.EXTINT0_voidInit
                0x000021da       0x46 ./MCAL/EXTINT/EXTINT0/EXTINT0.o
                0x000021da                EXTINT0_voidInit
 .text.EXTINT0_voidEnable
                0x00002220       0x1c ./MCAL/EXTINT/EXTINT0/EXTINT0.o
                0x00002220                EXTINT0_voidEnable
 .text.EXTINT0_voidDisable
                0x0000223c       0x1c ./MCAL/EXTINT/EXTINT0/EXTINT0.o
                0x0000223c                EXTINT0_voidDisable
 .text.EXTINT0_voidSetCallBack
                0x00002258       0x24 ./MCAL/EXTINT/EXTINT0/EXTINT0.o
                0x00002258                EXTINT0_voidSetCallBack
 .text.EXTINT0_voidSetSenseValue
                0x0000227c       0x74 ./MCAL/EXTINT/EXTINT0/EXTINT0.o
                0x0000227c                EXTINT0_voidSetSenseValue
 .text.__vector_1
                0x000022f0       0x5a ./MCAL/EXTINT/EXTINT0/EXTINT0.o
                0x000022f0                __vector_1
 .text.DIO_voidInit
                0x0000234a       0x2e ./MCAL/DIO/DIO.o
                0x0000234a                DIO_voidInit
 .text.DIO_enuWritePin
                0x00002378      0x216 ./MCAL/DIO/DIO.o
                0x00002378                DIO_enuWritePin
 .text.DIO_enuReadPin
                0x0000258e      0x10e ./MCAL/DIO/DIO.o
                0x0000258e                DIO_enuReadPin
 .text.DIO_enuPullWrite
                0x0000269c       0x20 ./MCAL/DIO/DIO.o
                0x0000269c                DIO_enuPullWrite
 .text.DIO_enuWriteBus
                0x000026bc       0xbc ./MCAL/DIO/DIO.o
                0x000026bc                DIO_enuWriteBus
 .text.DIO_enuReadBus
                0x00002778       0xbe ./MCAL/DIO/DIO.o
                0x00002778                DIO_enuReadBus
 .text.DIO_enuWritePinDir
                0x00002836      0x216 ./MCAL/DIO/DIO.o
                0x00002836                DIO_enuWritePinDir
 .text.DIO_enuTogglePin
                0x00002a4c       0x72 ./MCAL/DIO/DIO.o
                0x00002a4c                DIO_enuTogglePin
 .text.ADC_voidInit
                0x00002abe       0x94 ./MCAL/ADC/ADC.o
                0x00002abe                ADC_voidInit
 .text.ADC_voidEnable
                0x00002b52       0x1c ./MCAL/ADC/ADC.o
                0x00002b52                ADC_voidEnable
 .text.ADC_voidDisable
                0x00002b6e       0x1c ./MCAL/ADC/ADC.o
                0x00002b6e                ADC_voidDisable
 .text.ADC_voidInterruptEnable
                0x00002b8a       0x1c ./MCAL/ADC/ADC.o
                0x00002b8a                ADC_voidInterruptEnable
 .text.ADC_voidInterruptDisable
                0x00002ba6       0x1c ./MCAL/ADC/ADC.o
                0x00002ba6                ADC_voidInterruptDisable
 .text.ADC_voidSetCallback
                0x00002bc2       0x24 ./MCAL/ADC/ADC.o
                0x00002bc2                ADC_voidSetCallback
 .text.ADC_u16ReadSync
                0x00002be6       0x6a ./MCAL/ADC/ADC.o
                0x00002be6                ADC_u16ReadSync
 .text.ADC_voidStartConversion
                0x00002c50       0x1c ./MCAL/ADC/ADC.o
                0x00002c50                ADC_voidStartConversion
 .text.ADC_u16ReadASync
                0x00002c6c       0x16 ./MCAL/ADC/ADC.o
                0x00002c6c                ADC_u16ReadASync
 .text.ADC_f32NumtoVolt
                0x00002c82       0x76 ./MCAL/ADC/ADC.o
                0x00002c82                ADC_f32NumtoVolt
 .text.__vector_16
                0x00002cf8       0x7e ./MCAL/ADC/ADC.o
                0x00002cf8                __vector_16
 .text.Dummy    0x00002d76        0xe ./MCAL/ADC/ADC.o
                0x00002d76                Dummy
 .text.SEV_enuWrite
                0x00002d84       0x62 ./HAL/SEV/SEV.o
                0x00002d84                SEV_enuWrite
 .text.SEV_enuWrite2Digits
                0x00002de6       0xb2 ./HAL/SEV/SEV.o
                0x00002de6                SEV_enuWrite2Digits
 .text.SEV_enuMode
                0x00002e98      0x19c ./HAL/SEV/SEV.o
                0x00002e98                SEV_enuMode
 .text.Sev_voidHelp
                0x00003034      0x3ec ./HAL/SEV/SEV.o
 .text.Relay_voidInit
                0x00003420      0x142 ./HAL/RELAY/RELAY.o
                0x00003420                Relay_voidInit
 .text.Relay_enuState
                0x00003562       0xfe ./HAL/RELAY/RELAY.o
                0x00003562                Relay_enuState
 .text.Relay_ONNC_OFFNO
                0x00003660      0x144 ./HAL/RELAY/RELAY.o
 .text.Relay_OFFNC_ONNO
                0x000037a4      0x144 ./HAL/RELAY/RELAY.o
 .text.LM35_vidInit
                0x000038e8       0x84 ./HAL/LM35/LM35.o
                0x000038e8                LM35_vidInit
 .text.LM35_u16ReadTemp
                0x0000396c       0x76 ./HAL/LM35/LM35.o
                0x0000396c                LM35_u16ReadTemp
 .text.LM35_u16ReadTempUpdate
                0x000039e2      0x12e ./HAL/LM35/LM35.o
                0x000039e2                LM35_u16ReadTempUpdate
 .text.LM35_u16ReadTempSync
                0x00003b10       0x96 ./HAL/LM35/LM35.o
 .text.LM35_u16ReadTempAsync
                0x00003ba6       0x96 ./HAL/LM35/LM35.o
 .text.LED_enuWriteValue
                0x00003c3c      0x12a ./HAL/LED/LED.o
                0x00003c3c                LED_enuWriteValue
 .text.LED_enuToggle
                0x00003d66       0x3e ./HAL/LED/LED.o
                0x00003d66                LED_enuToggle
 .text.LED_enuAllOff
                0x00003da4       0x30 ./HAL/LED/LED.o
                0x00003da4                LED_enuAllOff
 .text.LCD_voidInit
                0x00003dd4     0x161c ./HAL/LCD/LCD.o
                0x00003dd4                LCD_voidInit
 .text.LCD_enuWriteCmd
                0x000053f0       0x5c ./HAL/LCD/LCD.o
                0x000053f0                LCD_enuWriteCmd
 .text.LCD_enuWriteChar
                0x0000544c       0x5c ./HAL/LCD/LCD.o
                0x0000544c                LCD_enuWriteChar
 .text.LCD_enuHelp
                0x000054a8      0x1b8 ./HAL/LCD/LCD.o
 .text.LCD_enuWriteString
                0x00005660       0x58 ./HAL/LCD/LCD.o
                0x00005660                LCD_enuWriteString
 .text.LCD_enuWritenumber
                0x000056b8      0x2f4 ./HAL/LCD/LCD.o
                0x000056b8                LCD_enuWritenumber
 .text.LCD_enuCreateCustChar
                0x000059ac       0x86 ./HAL/LCD/LCD.o
                0x000059ac                LCD_enuCreateCustChar
 .text.KEYPAD_voidInit
                0x00005a32       0x4e ./HAL/KEYPAD/KEYPAD_prog.o
                0x00005a32                KEYPAD_voidInit
 .text.KEYPAD_uint8GetPressedKey
                0x00005a80      0x3ec ./HAL/KEYPAD/KEYPAD_prog.o
                0x00005a80                KEYPAD_uint8GetPressedKey
 .text.EEPROM_voidWrite
                0x00005e6c       0x5c ./HAL/EXT_EEPROM/EEPROM.o
                0x00005e6c                EEPROM_voidWrite
 .text.EEPROM_voidRead
                0x00005ec8       0x8a ./HAL/EXT_EEPROM/EEPROM.o
                0x00005ec8                EEPROM_voidRead
 .text.DC_Motor_voidInit
                0x00005f52      0x1b0 ./HAL/DC_Motor/DC_Motor.o
                0x00005f52                DC_Motor_voidInit
 .text.DC_Motor_enuState
                0x00006102      0x546 ./HAL/DC_Motor/DC_Motor.o
                0x00006102                DC_Motor_enuState
 .text.button_voidInit
                0x00006648      0x12c ./HAL/BUTTON/BUTTON.o
                0x00006648                button_voidInit
 .text.Button_enuPressedValue
                0x00006774       0xd8 ./HAL/BUTTON/BUTTON.o
                0x00006774                Button_enuPressedValue
 .text.BuzzerON
                0x0000684c       0x1c ./APP/Temp/Temp.o
                0x0000684c                BuzzerON
 .text.BuzzerOFF
                0x00006868       0x36 ./APP/Temp/Temp.o
                0x00006868                BuzzerOFF
 .text.buzzerInit
                0x0000689e       0x26 ./APP/Temp/Temp.o
                0x0000689e                buzzerInit
 .text.Temp_vidInit
                0x000068c4       0x20 ./APP/Temp/Temp.o
                0x000068c4                Temp_vidInit
 .text.Temp_vidReadTemp
                0x000068e4       0xde ./APP/Temp/Temp.o
                0x000068e4                Temp_vidReadTemp
 .text.Temp_vidTempSystemTask
                0x000069c2      0x30e ./APP/Temp/Temp.o
                0x000069c2                Temp_vidTempSystemTask
 .text.calc     0x00006cd0      0x168 ./APP/calc.o
                0x00006cd0                calc
 .text.puin8_calculation
                0x00006e38      0x33e ./APP/calc.o
                0x00006e38                puin8_calculation
 .text.main     0x00007176      0x108 ./APP/main.o
                0x00007176                main
 .text.libgcc   0x0000727e       0x18 c:/imt_sdk_win_64/imt_sdk_win_64/winavr/bin/../lib/gcc/avr/4.3.3/avr5\libgcc.a(_udivmodqi4.o)
                0x0000727e                __udivmodqi4
 .text.libgcc   0x00007296       0x26 c:/imt_sdk_win_64/imt_sdk_win_64/winavr/bin/../lib/gcc/avr/4.3.3/avr5\libgcc.a(_divmodhi4.o)
                0x00007296                __divmodhi4
                0x00007296                _div
 .text.libgcc   0x000072bc        0x0 c:/imt_sdk_win_64/imt_sdk_win_64/winavr/bin/../lib/gcc/avr/4.3.3/avr5\libgcc.a(_exit.o)
 .text.libgcc   0x000072bc        0x0 c:/imt_sdk_win_64/imt_sdk_win_64/winavr/bin/../lib/gcc/avr/4.3.3/avr5\libgcc.a(_copy_data.o)
 .text.libgcc   0x000072bc        0x0 c:/imt_sdk_win_64/imt_sdk_win_64/winavr/bin/../lib/gcc/avr/4.3.3/avr5\libgcc.a(_clear_bss.o)
 .text.libgcc   0x000072bc       0x28 c:/imt_sdk_win_64/imt_sdk_win_64/winavr/bin/../lib/gcc/avr/4.3.3/avr5\libgcc.a(_udivmodhi4.o)
                0x000072bc                __udivmodhi4
 .text.libgcc   0x000072e4       0x38 c:/imt_sdk_win_64/imt_sdk_win_64/winavr/bin/../lib/gcc/avr/4.3.3/avr5\libgcc.a(_prologue.o)
                0x000072e4                __prologue_saves__
 .text.libgcc   0x0000731c       0x36 c:/imt_sdk_win_64/imt_sdk_win_64/winavr/bin/../lib/gcc/avr/4.3.3/avr5\libgcc.a(_epilogue.o)
                0x0000731c                __epilogue_restores__
                0x00007352                . = ALIGN (0x2)
 *(.fini9)
 .fini9         0x00007352        0x0 c:/imt_sdk_win_64/imt_sdk_win_64/winavr/bin/../lib/gcc/avr/4.3.3/avr5\libgcc.a(_exit.o)
                0x00007352                exit
                0x00007352                _exit
 *(.fini9)
 *(.fini8)
 *(.fini8)
 *(.fini7)
 *(.fini7)
 *(.fini6)
 *(.fini6)
 *(.fini5)
 *(.fini5)
 *(.fini4)
 *(.fini4)
 *(.fini3)
 *(.fini3)
 *(.fini2)
 *(.fini2)
 *(.fini1)
 *(.fini1)
 *(.fini0)
 .fini0         0x00007352        0x4 c:/imt_sdk_win_64/imt_sdk_win_64/winavr/bin/../lib/gcc/avr/4.3.3/avr5\libgcc.a(_exit.o)
 *(.fini0)
                0x00007356                _etext = .

.data           0x00800060      0x19c load address 0x00007356
                0x00800060                PROVIDE (__data_start, .)
 *(.data)
 .data          0x00800060        0x0 c:/imt_sdk_win_64/imt_sdk_win_64/winavr/bin/../lib/gcc/avr/4.3.3/../../../../avr/lib/avr5/crtm32.o
 .data          0x00800060        0x0 ./SERVICE/SVAR/SVAR.o
 .data          0x00800060        0x0 ./SERVICE/ICUM/ICUM.o
 .data          0x00800060        0x0 ./SERVICE/ICUM/ICUM_cfg.o
 .data          0x00800060        0x0 ./MCAL/UART/UART.o
 .data          0x00800060        0x0 ./MCAL/TIM/TIM2/TIM2.o
 .data          0x00800060        0x0 ./MCAL/TIM/TIM0/TIM0.o
 .data          0x00800060        0x0 ./MCAL/SPI/SPI.o
 .data          0x00800060        0x0 ./MCAL/I2C/I2C.o
 .data          0x00800060        0x0 ./MCAL/GIE/GIE.o
 .data          0x00800060        0x0 ./MCAL/EXTINT/EXTINT2/EXTINT2.o
 .data          0x00800060        0x0 ./MCAL/EXTINT/EXTINT1/EXTINT1.o
 .data          0x00800060        0x0 ./MCAL/EXTINT/EXTINT0/EXTINT0.o
 .data          0x00800060        0x0 ./MCAL/DIO/DIO.o
 .data          0x00800060        0x0 ./MCAL/ADC/ADC.o
 .data          0x00800060        0x0 ./HAL/SEV/SEV.o
 .data          0x00800060        0x0 ./HAL/SEV/SEV_cfg.o
 .data          0x00800060        0x0 ./HAL/RELAY/RELAY.o
 .data          0x00800060        0x0 ./HAL/RELAY/RELAY_cfg.o
 .data          0x00800060        0x0 ./HAL/LM35/LM35.o
 .data          0x00800060        0x0 ./HAL/LM35/LM35_cfg.o
 .data          0x00800060        0x0 ./HAL/LED/LED.o
 .data          0x00800060        0x0 ./HAL/LED/LED_cfg.o
 .data          0x00800060        0x0 ./HAL/LCD/LCD.o
 .data          0x00800060        0x0 ./HAL/LCD/LCD_cfg.o
 .data          0x00800060        0x0 ./HAL/KEYPAD/KEYPAD_prog.o
 .data          0x00800060        0x0 ./HAL/EXT_EEPROM/EEPROM.o
 .data          0x00800060        0x0 ./HAL/DC_Motor/DC_Motor.o
 .data          0x00800060        0x0 ./HAL/DC_Motor/DC_Motor_cfg.o
 .data          0x00800060        0x0 ./HAL/BUTTON/BUTTON.o
 .data          0x00800060        0x0 ./HAL/BUTTON/BUTTON_cfg.o
 .data          0x00800060        0x0 ./APP/Temp/Temp.o
 .data          0x00800060        0x0 ./APP/Temp/Temp_cfg.o
 .data          0x00800060        0x0 ./APP/2_SEV/7_seg.o
 .data          0x00800060        0x0 ./APP/calc.o
 .data          0x00800060        0x0 ./APP/main.o
 .data          0x00800060        0x0 c:/imt_sdk_win_64/imt_sdk_win_64/winavr/bin/../lib/gcc/avr/4.3.3/avr5\libgcc.a(_udivmodqi4.o)
 .data          0x00800060        0x0 c:/imt_sdk_win_64/imt_sdk_win_64/winavr/bin/../lib/gcc/avr/4.3.3/avr5\libgcc.a(_divmodhi4.o)
 .data          0x00800060        0x0 c:/imt_sdk_win_64/imt_sdk_win_64/winavr/bin/../lib/gcc/avr/4.3.3/avr5\libgcc.a(_exit.o)
 .data          0x00800060        0x0 c:/imt_sdk_win_64/imt_sdk_win_64/winavr/bin/../lib/gcc/avr/4.3.3/avr5\libgcc.a(_copy_data.o)
 .data          0x00800060        0x0 c:/imt_sdk_win_64/imt_sdk_win_64/winavr/bin/../lib/gcc/avr/4.3.3/avr5\libgcc.a(_clear_bss.o)
 .data          0x00800060        0x0 c:/imt_sdk_win_64/imt_sdk_win_64/winavr/bin/../lib/gcc/avr/4.3.3/avr5\libgcc.a(_fixunssfsi.o)
 .data          0x00800060        0x0 c:/imt_sdk_win_64/imt_sdk_win_64/winavr/bin/../lib/gcc/avr/4.3.3/avr5\libgcc.a(_addsub_sf.o)
 .data          0x00800060        0x0 c:/imt_sdk_win_64/imt_sdk_win_64/winavr/bin/../lib/gcc/avr/4.3.3/avr5\libgcc.a(_mul_sf.o)
 .data          0x00800060        0x0 c:/imt_sdk_win_64/imt_sdk_win_64/winavr/bin/../lib/gcc/avr/4.3.3/avr5\libgcc.a(_div_sf.o)
 .data          0x00800060        0x0 c:/imt_sdk_win_64/imt_sdk_win_64/winavr/bin/../lib/gcc/avr/4.3.3/avr5\libgcc.a(_gt_sf.o)
 .data          0x00800060        0x0 c:/imt_sdk_win_64/imt_sdk_win_64/winavr/bin/../lib/gcc/avr/4.3.3/avr5\libgcc.a(_ge_sf.o)
 .data          0x00800060        0x0 c:/imt_sdk_win_64/imt_sdk_win_64/winavr/bin/../lib/gcc/avr/4.3.3/avr5\libgcc.a(_lt_sf.o)
 .data          0x00800060        0x0 c:/imt_sdk_win_64/imt_sdk_win_64/winavr/bin/../lib/gcc/avr/4.3.3/avr5\libgcc.a(_si_to_sf.o)
 .data          0x00800060        0x0 c:/imt_sdk_win_64/imt_sdk_win_64/winavr/bin/../lib/gcc/avr/4.3.3/avr5\libgcc.a(_sf_to_si.o)
 .data          0x00800060        0x8 c:/imt_sdk_win_64/imt_sdk_win_64/winavr/bin/../lib/gcc/avr/4.3.3/avr5\libgcc.a(_thenan_sf.o)
                0x00800060                __thenan_sf
 .data          0x00800068        0x0 c:/imt_sdk_win_64/imt_sdk_win_64/winavr/bin/../lib/gcc/avr/4.3.3/avr5\libgcc.a(_usi_to_sf.o)
 .data          0x00800068        0x0 c:/imt_sdk_win_64/imt_sdk_win_64/winavr/bin/../lib/gcc/avr/4.3.3/avr5\libgcc.a(_udivmodhi4.o)
 .data          0x00800068        0x0 c:/imt_sdk_win_64/imt_sdk_win_64/winavr/bin/../lib/gcc/avr/4.3.3/avr5\libgcc.a(_prologue.o)
 .data          0x00800068        0x0 c:/imt_sdk_win_64/imt_sdk_win_64/winavr/bin/../lib/gcc/avr/4.3.3/avr5\libgcc.a(_epilogue.o)
 .data          0x00800068        0x0 c:/imt_sdk_win_64/imt_sdk_win_64/winavr/bin/../lib/gcc/avr/4.3.3/avr5\libgcc.a(_clzsi2.o)
 .data          0x00800068        0x0 c:/imt_sdk_win_64/imt_sdk_win_64/winavr/bin/../lib/gcc/avr/4.3.3/avr5\libgcc.a(_pack_sf.o)
 .data          0x00800068        0x0 c:/imt_sdk_win_64/imt_sdk_win_64/winavr/bin/../lib/gcc/avr/4.3.3/avr5\libgcc.a(_unpack_sf.o)
 .data          0x00800068        0x0 c:/imt_sdk_win_64/imt_sdk_win_64/winavr/bin/../lib/gcc/avr/4.3.3/avr5\libgcc.a(_fpcmp_parts_sf.o)
 .data          0x00800068      0x100 c:/imt_sdk_win_64/imt_sdk_win_64/winavr/bin/../lib/gcc/avr/4.3.3/avr5\libgcc.a(_clz.o)
                0x00800068                __clz_tab
 *(.data*)
 .data.ICUM_u8CntrReading.1258
                0x00800168        0x1 ./SERVICE/ICUM/ICUM.o
 .data.ICUM_apfConfigSet
                0x00800169       0x1c ./SERVICE/ICUM/ICUM_cfg.o
                0x00800169                ICUM_apfConfigSet
 .data.SEV_astrbfPinValue
                0x00800185        0xa ./HAL/SEV/SEV.o
 .data.SEV_astrPinMapping
                0x0080018f       0x12 ./HAL/SEV/SEV_cfg.o
                0x0080018f                SEV_astrPinMapping
 .data.Relay_astrPinMapping
                0x008001a1        0xa ./HAL/RELAY/RELAY_cfg.o
                0x008001a1                Relay_astrPinMapping
 .data.LM35_astrChannelMapping
                0x008001ab        0x7 ./HAL/LM35/LM35_cfg.o
                0x008001ab                LM35_astrChannelMapping
 .data.LED_astrLedPinMapping
                0x008001b2        0x6 ./HAL/LED/LED_cfg.o
                0x008001b2                LED_astrLedPinMapping
 .data.LCD_astrCfg
                0x008001b8       0x18 ./HAL/LCD/LCD_cfg.o
                0x008001b8                LCD_astrCfg
 .data.DC_Motor_astrPinMapping
                0x008001d0        0xc ./HAL/DC_Motor/DC_Motor_cfg.o
                0x008001d0                DC_Motor_astrPinMapping
 .data.Button_astrButtonPinMapping
                0x008001dc        0xf ./HAL/BUTTON/BUTTON_cfg.o
                0x008001dc                Button_astrButtonPinMapping
 .data.Temp_astrChannelMapping
                0x008001eb       0x11 ./APP/Temp/Temp_cfg.o
                0x008001eb                Temp_astrChannelMapping
 *(.rodata)
 *(.rodata*)
 *(.gnu.linkonce.d*)
                0x008001fc                . = ALIGN (0x2)
                0x008001fc                _edata = .
                0x008001fc                PROVIDE (__data_end, .)

.bss            0x008001fc       0x36
                0x008001fc                PROVIDE (__bss_start, .)
 *(.bss)
 .bss           0x008001fc        0x0 c:/imt_sdk_win_64/imt_sdk_win_64/winavr/bin/../lib/gcc/avr/4.3.3/../../../../avr/lib/avr5/crtm32.o
 .bss           0x008001fc        0x0 ./SERVICE/SVAR/SVAR.o
 .bss           0x008001fc        0x0 ./SERVICE/ICUM/ICUM.o
 .bss           0x008001fc        0x0 ./SERVICE/ICUM/ICUM_cfg.o
 .bss           0x008001fc        0x0 ./MCAL/UART/UART.o
 .bss           0x008001fc        0x0 ./MCAL/TIM/TIM2/TIM2.o
 .bss           0x008001fc        0x0 ./MCAL/TIM/TIM0/TIM0.o
 .bss           0x008001fc        0x0 ./MCAL/SPI/SPI.o
 .bss           0x008001fc        0x0 ./MCAL/I2C/I2C.o
 .bss           0x008001fc        0x0 ./MCAL/GIE/GIE.o
 .bss           0x008001fc        0x0 ./MCAL/EXTINT/EXTINT2/EXTINT2.o
 .bss           0x008001fc        0x0 ./MCAL/EXTINT/EXTINT1/EXTINT1.o
 .bss           0x008001fc        0x0 ./MCAL/EXTINT/EXTINT0/EXTINT0.o
 .bss           0x008001fc        0x0 ./MCAL/DIO/DIO.o
 .bss           0x008001fc        0x0 ./MCAL/ADC/ADC.o
 .bss           0x008001fc        0x0 ./HAL/SEV/SEV.o
 .bss           0x008001fc        0x0 ./HAL/SEV/SEV_cfg.o
 .bss           0x008001fc        0x0 ./HAL/RELAY/RELAY.o
 .bss           0x008001fc        0x0 ./HAL/RELAY/RELAY_cfg.o
 .bss           0x008001fc        0x0 ./HAL/LM35/LM35.o
 .bss           0x008001fc        0x0 ./HAL/LM35/LM35_cfg.o
 .bss           0x008001fc        0x0 ./HAL/LED/LED.o
 .bss           0x008001fc        0x0 ./HAL/LED/LED_cfg.o
 .bss           0x008001fc        0x0 ./HAL/LCD/LCD.o
 .bss           0x008001fc        0x0 ./HAL/LCD/LCD_cfg.o
 .bss           0x008001fc        0x0 ./HAL/KEYPAD/KEYPAD_prog.o
 .bss           0x008001fc        0x0 ./HAL/EXT_EEPROM/EEPROM.o
 .bss           0x008001fc        0x0 ./HAL/DC_Motor/DC_Motor.o
 .bss           0x008001fc        0x0 ./HAL/DC_Motor/DC_Motor_cfg.o
 .bss           0x008001fc        0x0 ./HAL/BUTTON/BUTTON.o
 .bss           0x008001fc        0x0 ./HAL/BUTTON/BUTTON_cfg.o
 .bss           0x008001fc        0x0 ./APP/Temp/Temp.o
 .bss           0x008001fc        0x0 ./APP/Temp/Temp_cfg.o
 .bss           0x008001fc        0x0 ./APP/2_SEV/7_seg.o
 .bss           0x008001fc        0x0 ./APP/calc.o
 .bss           0x008001fc        0x0 ./APP/main.o
 .bss           0x008001fc        0x0 c:/imt_sdk_win_64/imt_sdk_win_64/winavr/bin/../lib/gcc/avr/4.3.3/avr5\libgcc.a(_udivmodqi4.o)
 .bss           0x008001fc        0x0 c:/imt_sdk_win_64/imt_sdk_win_64/winavr/bin/../lib/gcc/avr/4.3.3/avr5\libgcc.a(_divmodhi4.o)
 .bss           0x008001fc        0x0 c:/imt_sdk_win_64/imt_sdk_win_64/winavr/bin/../lib/gcc/avr/4.3.3/avr5\libgcc.a(_exit.o)
 .bss           0x008001fc        0x0 c:/imt_sdk_win_64/imt_sdk_win_64/winavr/bin/../lib/gcc/avr/4.3.3/avr5\libgcc.a(_copy_data.o)
 .bss           0x008001fc        0x0 c:/imt_sdk_win_64/imt_sdk_win_64/winavr/bin/../lib/gcc/avr/4.3.3/avr5\libgcc.a(_clear_bss.o)
 .bss           0x008001fc        0x0 c:/imt_sdk_win_64/imt_sdk_win_64/winavr/bin/../lib/gcc/avr/4.3.3/avr5\libgcc.a(_fixunssfsi.o)
 .bss           0x008001fc        0x0 c:/imt_sdk_win_64/imt_sdk_win_64/winavr/bin/../lib/gcc/avr/4.3.3/avr5\libgcc.a(_addsub_sf.o)
 .bss           0x008001fc        0x0 c:/imt_sdk_win_64/imt_sdk_win_64/winavr/bin/../lib/gcc/avr/4.3.3/avr5\libgcc.a(_mul_sf.o)
 .bss           0x008001fc        0x0 c:/imt_sdk_win_64/imt_sdk_win_64/winavr/bin/../lib/gcc/avr/4.3.3/avr5\libgcc.a(_div_sf.o)
 .bss           0x008001fc        0x0 c:/imt_sdk_win_64/imt_sdk_win_64/winavr/bin/../lib/gcc/avr/4.3.3/avr5\libgcc.a(_gt_sf.o)
 .bss           0x008001fc        0x0 c:/imt_sdk_win_64/imt_sdk_win_64/winavr/bin/../lib/gcc/avr/4.3.3/avr5\libgcc.a(_ge_sf.o)
 .bss           0x008001fc        0x0 c:/imt_sdk_win_64/imt_sdk_win_64/winavr/bin/../lib/gcc/avr/4.3.3/avr5\libgcc.a(_lt_sf.o)
 .bss           0x008001fc        0x0 c:/imt_sdk_win_64/imt_sdk_win_64/winavr/bin/../lib/gcc/avr/4.3.3/avr5\libgcc.a(_si_to_sf.o)
 .bss           0x008001fc        0x0 c:/imt_sdk_win_64/imt_sdk_win_64/winavr/bin/../lib/gcc/avr/4.3.3/avr5\libgcc.a(_sf_to_si.o)
 .bss           0x008001fc        0x0 c:/imt_sdk_win_64/imt_sdk_win_64/winavr/bin/../lib/gcc/avr/4.3.3/avr5\libgcc.a(_thenan_sf.o)
 .bss           0x008001fc        0x0 c:/imt_sdk_win_64/imt_sdk_win_64/winavr/bin/../lib/gcc/avr/4.3.3/avr5\libgcc.a(_usi_to_sf.o)
 .bss           0x008001fc        0x0 c:/imt_sdk_win_64/imt_sdk_win_64/winavr/bin/../lib/gcc/avr/4.3.3/avr5\libgcc.a(_udivmodhi4.o)
 .bss           0x008001fc        0x0 c:/imt_sdk_win_64/imt_sdk_win_64/winavr/bin/../lib/gcc/avr/4.3.3/avr5\libgcc.a(_prologue.o)
 .bss           0x008001fc        0x0 c:/imt_sdk_win_64/imt_sdk_win_64/winavr/bin/../lib/gcc/avr/4.3.3/avr5\libgcc.a(_epilogue.o)
 .bss           0x008001fc        0x0 c:/imt_sdk_win_64/imt_sdk_win_64/winavr/bin/../lib/gcc/avr/4.3.3/avr5\libgcc.a(_clzsi2.o)
 .bss           0x008001fc        0x0 c:/imt_sdk_win_64/imt_sdk_win_64/winavr/bin/../lib/gcc/avr/4.3.3/avr5\libgcc.a(_pack_sf.o)
 .bss           0x008001fc        0x0 c:/imt_sdk_win_64/imt_sdk_win_64/winavr/bin/../lib/gcc/avr/4.3.3/avr5\libgcc.a(_unpack_sf.o)
 .bss           0x008001fc        0x0 c:/imt_sdk_win_64/imt_sdk_win_64/winavr/bin/../lib/gcc/avr/4.3.3/avr5\libgcc.a(_fpcmp_parts_sf.o)
 .bss           0x008001fc        0x0 c:/imt_sdk_win_64/imt_sdk_win_64/winavr/bin/../lib/gcc/avr/4.3.3/avr5\libgcc.a(_clz.o)
 *(.bss*)
 .bss.ovf       0x008001fc        0x2 ./SERVICE/ICUM/ICUM.o
                0x008001fc                ovf
 .bss.Ton       0x008001fe        0x4 ./SERVICE/ICUM/ICUM.o
                0x008001fe                Ton
 .bss.Tonu      0x00800202        0x4 ./SERVICE/ICUM/ICUM.o
                0x00800202                Tonu
 .bss.Ttotal    0x00800206        0x4 ./SERVICE/ICUM/ICUM.o
                0x00800206                Ttotal
 .bss.ICUM_u8FirstReading
                0x0080020a        0x1 ./SERVICE/ICUM/ICUM.o
                0x0080020a                ICUM_u8FirstReading
 .bss.ovfCnt.1326
                0x0080020b        0x1 ./SERVICE/ICUM/ICUM.o
 .bss.delay     0x0080020c        0x1 ./MCAL/TIM/TIM0/TIM0.o
                0x0080020c                delay
 .bss.msec      0x0080020d        0x4 ./MCAL/TIM/TIM0/TIM0.o
                0x0080020d                msec
 .bss.counter.1314
                0x00800211        0x4 ./MCAL/TIM/TIM0/TIM0.o
 .bss.counter.1323
                0x00800215        0x4 ./MCAL/TIM/TIM0/TIM0.o
 .bss.init      0x00800219        0x1 ./HAL/DC_Motor/DC_Motor.o
                0x00800219                init
 *(COMMON)
 COMMON         0x0080021a        0x1 ./SERVICE/SVAR/SVAR.o
                0x0080021a                SVAR_u8ActiveVarient
 COMMON         0x0080021b        0x1 ./SERVICE/ICUM/ICUM.o
                0x0080021b                ICUM_u8ActiveVariant
 COMMON         0x0080021c        0x4 ./MCAL/TIM/TIM2/TIM2.o
                0x0080021c                TIM2_pfOvfCallback
                0x0080021e                TIM2_pfCtcCallback
 COMMON         0x00800220        0x4 ./MCAL/TIM/TIM0/TIM0.o
                0x00800220                TIM0_pfCtcCallback
                0x00800222                TIM0_pfOvfCallback
 COMMON         0x00800224        0x2 ./MCAL/SPI/SPI.o
                0x00800224                SPI_u8RxBuffer
                0x00800225                SPI_u8TxState
 COMMON         0x00800226        0x2 ./MCAL/EXTINT/EXTINT2/EXTINT2.o
                0x00800226                EXTINT2_pfCallback
 COMMON         0x00800228        0x2 ./MCAL/EXTINT/EXTINT1/EXTINT1.o
                0x00800228                EXTINT1_pfCallback
 COMMON         0x0080022a        0x2 ./MCAL/EXTINT/EXTINT0/EXTINT0.o
                0x0080022a                EXTINT0_pfCallback
 COMMON         0x0080022c        0x4 ./MCAL/ADC/ADC.o
                0x0080022c                ADC_pfCallback
                0x0080022e                ADC_ReadValue
 COMMON         0x00800230        0x1 ./HAL/LM35/LM35.o
                0x00800230                LM35_u8Channel
 COMMON         0x00800231        0x0 ./HAL/LCD/LCD.o
 COMMON         0x00800231        0x1 ./APP/Temp/Temp.o
                0x00800231                Temp_u8Channel
                0x00800232                PROVIDE (__bss_end, .)
                0x00007356                __data_load_start = LOADADDR (.data)
                0x000074f2                __data_load_end = (__data_load_start + SIZEOF (.data))

.noinit         0x00800232        0x0
                0x00800232                PROVIDE (__noinit_start, .)
 *(.noinit*)
                0x00800232                PROVIDE (__noinit_end, .)
                0x00800232                _end = .
                0x00800232                PROVIDE (__heap_start, .)

.eeprom         0x00810000        0x0
 *(.eeprom*)
                0x00810000                __eeprom_end = .

.fuse
 *(.fuse)
 *(.lfuse)
 *(.hfuse)
 *(.efuse)

.lock
 *(.lock*)

.signature
 *(.signature*)

.stab           0x00000000     0x8b68
 *(.stab)
 .stab          0x00000000      0x240 ./SERVICE/SVAR/SVAR.o
 .stab          0x00000240      0x42c ./SERVICE/ICUM/ICUM.o
                                0x438 (size before relaxing)
 .stab          0x0000066c       0xfc ./SERVICE/ICUM/ICUM_cfg.o
                                0x1e0 (size before relaxing)
 .stab          0x00000768      0x330 ./MCAL/UART/UART.o
                                0x33c (size before relaxing)
 .stab          0x00000a98      0x4c8 ./MCAL/TIM/TIM2/TIM2.o
                                0x4d4 (size before relaxing)
 .stab          0x00000f60      0x5f4 ./MCAL/TIM/TIM0/TIM0.o
                                0x600 (size before relaxing)
 .stab          0x00001554      0x4a4 ./MCAL/SPI/SPI.o
                                0x4b0 (size before relaxing)
 .stab          0x000019f8      0x93c ./MCAL/I2C/I2C.o
                                0x948 (size before relaxing)
 .stab          0x00002334      0x204 ./MCAL/GIE/GIE.o
                                0x210 (size before relaxing)
 .stab          0x00002538      0x2c4 ./MCAL/EXTINT/EXTINT2/EXTINT2.o
                                0x2d0 (size before relaxing)
 .stab          0x000027fc      0x33c ./MCAL/EXTINT/EXTINT1/EXTINT1.o
                                0x348 (size before relaxing)
 .stab          0x00002b38      0x33c ./MCAL/EXTINT/EXTINT0/EXTINT0.o
                                0x348 (size before relaxing)
 .stab          0x00002e74      0x8a0 ./MCAL/DIO/DIO.o
                                0x8ac (size before relaxing)
 .stab          0x00003714      0x504 ./MCAL/ADC/ADC.o
                                0x510 (size before relaxing)
 .stab          0x00003c18      0x5ac ./HAL/SEV/SEV.o
                                0x5b8 (size before relaxing)
 .stab          0x000041c4      0x108 ./HAL/SEV/SEV_cfg.o
                                0x210 (size before relaxing)
 .stab          0x000042cc      0x504 ./HAL/RELAY/RELAY.o
                                0x510 (size before relaxing)
 .stab          0x000047d0      0x108 ./HAL/RELAY/RELAY_cfg.o
                                0x228 (size before relaxing)
 .stab          0x000048d8      0x504 ./HAL/LM35/LM35.o
                                0x510 (size before relaxing)
 .stab          0x00004ddc       0xfc ./HAL/LM35/LM35_cfg.o
                                0x1e0 (size before relaxing)
 .stab          0x00004ed8      0x42c ./HAL/LED/LED.o
                                0x438 (size before relaxing)
 .stab          0x00005304      0x108 ./HAL/LED/LED_cfg.o
                                0x204 (size before relaxing)
 .stab          0x0000540c     0x12f0 ./HAL/LCD/LCD.o
                               0x1494 (size before relaxing)
 .stab          0x000066fc      0x108 ./HAL/LCD/LCD_cfg.o
                                0x21c (size before relaxing)
 .stab          0x00006804      0x5dc ./HAL/KEYPAD/KEYPAD_prog.o
                                0x5e8 (size before relaxing)
 .stab          0x00006de0      0x45c ./HAL/EXT_EEPROM/EEPROM.o
                                0x468 (size before relaxing)
 .stab          0x0000723c      0x570 ./HAL/DC_Motor/DC_Motor.o
                                0x57c (size before relaxing)
 .stab          0x000077ac      0x108 ./HAL/DC_Motor/DC_Motor_cfg.o
                                0x228 (size before relaxing)
 .stab          0x000078b4      0x378 ./HAL/BUTTON/BUTTON.o
                                0x384 (size before relaxing)
 .stab          0x00007c2c      0x108 ./HAL/BUTTON/BUTTON_cfg.o
                                0x204 (size before relaxing)
 .stab          0x00007d34      0x444 ./APP/Temp/Temp.o
                                0x450 (size before relaxing)
 .stab          0x00008178       0xfc ./APP/Temp/Temp_cfg.o
                                0x1e0 (size before relaxing)
 .stab          0x00008274       0xd8 ./APP/2_SEV/7_seg.o
                                 0xe4 (size before relaxing)
 .stab          0x0000834c      0x5f4 ./APP/calc.o
                                0x78c (size before relaxing)
 .stab          0x00008940      0x228 ./APP/main.o
                                0x498 (size before relaxing)

.stabstr        0x00000000     0x3f5f
 *(.stabstr)
 .stabstr       0x00000000     0x3f5f ./SERVICE/SVAR/SVAR.o

.stab.excl
 *(.stab.excl)

.stab.exclstr
 *(.stab.exclstr)

.stab.index
 *(.stab.index)

.stab.indexstr
 *(.stab.indexstr)

.comment
 *(.comment)

.debug
 *(.debug)

.line
 *(.line)

.debug_srcinfo
 *(.debug_srcinfo)

.debug_sfnames
 *(.debug_sfnames)

.debug_aranges  0x00000000      0x1c0
 *(.debug_aranges)
 .debug_aranges
                0x00000000       0x20 c:/imt_sdk_win_64/imt_sdk_win_64/winavr/bin/../lib/gcc/avr/4.3.3/avr5\libgcc.a(_fixunssfsi.o)
 .debug_aranges
                0x00000020       0x20 c:/imt_sdk_win_64/imt_sdk_win_64/winavr/bin/../lib/gcc/avr/4.3.3/avr5\libgcc.a(_addsub_sf.o)
 .debug_aranges
                0x00000040       0x20 c:/imt_sdk_win_64/imt_sdk_win_64/winavr/bin/../lib/gcc/avr/4.3.3/avr5\libgcc.a(_mul_sf.o)
 .debug_aranges
                0x00000060       0x20 c:/imt_sdk_win_64/imt_sdk_win_64/winavr/bin/../lib/gcc/avr/4.3.3/avr5\libgcc.a(_div_sf.o)
 .debug_aranges
                0x00000080       0x20 c:/imt_sdk_win_64/imt_sdk_win_64/winavr/bin/../lib/gcc/avr/4.3.3/avr5\libgcc.a(_gt_sf.o)
 .debug_aranges
                0x000000a0       0x20 c:/imt_sdk_win_64/imt_sdk_win_64/winavr/bin/../lib/gcc/avr/4.3.3/avr5\libgcc.a(_ge_sf.o)
 .debug_aranges
                0x000000c0       0x20 c:/imt_sdk_win_64/imt_sdk_win_64/winavr/bin/../lib/gcc/avr/4.3.3/avr5\libgcc.a(_lt_sf.o)
 .debug_aranges
                0x000000e0       0x20 c:/imt_sdk_win_64/imt_sdk_win_64/winavr/bin/../lib/gcc/avr/4.3.3/avr5\libgcc.a(_si_to_sf.o)
 .debug_aranges
                0x00000100       0x20 c:/imt_sdk_win_64/imt_sdk_win_64/winavr/bin/../lib/gcc/avr/4.3.3/avr5\libgcc.a(_sf_to_si.o)
 .debug_aranges
                0x00000120       0x20 c:/imt_sdk_win_64/imt_sdk_win_64/winavr/bin/../lib/gcc/avr/4.3.3/avr5\libgcc.a(_usi_to_sf.o)
 .debug_aranges
                0x00000140       0x20 c:/imt_sdk_win_64/imt_sdk_win_64/winavr/bin/../lib/gcc/avr/4.3.3/avr5\libgcc.a(_clzsi2.o)
 .debug_aranges
                0x00000160       0x20 c:/imt_sdk_win_64/imt_sdk_win_64/winavr/bin/../lib/gcc/avr/4.3.3/avr5\libgcc.a(_pack_sf.o)
 .debug_aranges
                0x00000180       0x20 c:/imt_sdk_win_64/imt_sdk_win_64/winavr/bin/../lib/gcc/avr/4.3.3/avr5\libgcc.a(_unpack_sf.o)
 .debug_aranges
                0x000001a0       0x20 c:/imt_sdk_win_64/imt_sdk_win_64/winavr/bin/../lib/gcc/avr/4.3.3/avr5\libgcc.a(_fpcmp_parts_sf.o)

.debug_pubnames
                0x00000000      0x214
 *(.debug_pubnames)
 .debug_pubnames
                0x00000000       0x23 c:/imt_sdk_win_64/imt_sdk_win_64/winavr/bin/../lib/gcc/avr/4.3.3/avr5\libgcc.a(_fixunssfsi.o)
 .debug_pubnames
                0x00000023       0x2c c:/imt_sdk_win_64/imt_sdk_win_64/winavr/bin/../lib/gcc/avr/4.3.3/avr5\libgcc.a(_addsub_sf.o)
 .debug_pubnames
                0x0000004f       0x1f c:/imt_sdk_win_64/imt_sdk_win_64/winavr/bin/../lib/gcc/avr/4.3.3/avr5\libgcc.a(_mul_sf.o)
 .debug_pubnames
                0x0000006e       0x1f c:/imt_sdk_win_64/imt_sdk_win_64/winavr/bin/../lib/gcc/avr/4.3.3/avr5\libgcc.a(_div_sf.o)
 .debug_pubnames
                0x0000008d       0x1e c:/imt_sdk_win_64/imt_sdk_win_64/winavr/bin/../lib/gcc/avr/4.3.3/avr5\libgcc.a(_gt_sf.o)
 .debug_pubnames
                0x000000ab       0x1e c:/imt_sdk_win_64/imt_sdk_win_64/winavr/bin/../lib/gcc/avr/4.3.3/avr5\libgcc.a(_ge_sf.o)
 .debug_pubnames
                0x000000c9       0x1e c:/imt_sdk_win_64/imt_sdk_win_64/winavr/bin/../lib/gcc/avr/4.3.3/avr5\libgcc.a(_lt_sf.o)
 .debug_pubnames
                0x000000e7       0x22 c:/imt_sdk_win_64/imt_sdk_win_64/winavr/bin/../lib/gcc/avr/4.3.3/avr5\libgcc.a(_si_to_sf.o)
 .debug_pubnames
                0x00000109       0x20 c:/imt_sdk_win_64/imt_sdk_win_64/winavr/bin/../lib/gcc/avr/4.3.3/avr5\libgcc.a(_sf_to_si.o)
 .debug_pubnames
                0x00000129       0x22 c:/imt_sdk_win_64/imt_sdk_win_64/winavr/bin/../lib/gcc/avr/4.3.3/avr5\libgcc.a(_thenan_sf.o)
 .debug_pubnames
                0x0000014b       0x24 c:/imt_sdk_win_64/imt_sdk_win_64/winavr/bin/../lib/gcc/avr/4.3.3/avr5\libgcc.a(_usi_to_sf.o)
 .debug_pubnames
                0x0000016f       0x1f c:/imt_sdk_win_64/imt_sdk_win_64/winavr/bin/../lib/gcc/avr/4.3.3/avr5\libgcc.a(_clzsi2.o)
 .debug_pubnames
                0x0000018e       0x1f c:/imt_sdk_win_64/imt_sdk_win_64/winavr/bin/../lib/gcc/avr/4.3.3/avr5\libgcc.a(_pack_sf.o)
 .debug_pubnames
                0x000001ad       0x21 c:/imt_sdk_win_64/imt_sdk_win_64/winavr/bin/../lib/gcc/avr/4.3.3/avr5\libgcc.a(_unpack_sf.o)
 .debug_pubnames
                0x000001ce       0x26 c:/imt_sdk_win_64/imt_sdk_win_64/winavr/bin/../lib/gcc/avr/4.3.3/avr5\libgcc.a(_fpcmp_parts_sf.o)
 .debug_pubnames
                0x000001f4       0x20 c:/imt_sdk_win_64/imt_sdk_win_64/winavr/bin/../lib/gcc/avr/4.3.3/avr5\libgcc.a(_clz.o)

.debug_info     0x00000000     0x2612
 *(.debug_info)
 .debug_info    0x00000000       0xb1 c:/imt_sdk_win_64/imt_sdk_win_64/winavr/bin/../lib/gcc/avr/4.3.3/avr5\libgcc.a(_fixunssfsi.o)
 .debug_info    0x000000b1      0x47a c:/imt_sdk_win_64/imt_sdk_win_64/winavr/bin/../lib/gcc/avr/4.3.3/avr5\libgcc.a(_addsub_sf.o)
 .debug_info    0x0000052b      0x485 c:/imt_sdk_win_64/imt_sdk_win_64/winavr/bin/../lib/gcc/avr/4.3.3/avr5\libgcc.a(_mul_sf.o)
 .debug_info    0x000009b0      0x3fc c:/imt_sdk_win_64/imt_sdk_win_64/winavr/bin/../lib/gcc/avr/4.3.3/avr5\libgcc.a(_div_sf.o)
 .debug_info    0x00000dac      0x27f c:/imt_sdk_win_64/imt_sdk_win_64/winavr/bin/../lib/gcc/avr/4.3.3/avr5\libgcc.a(_gt_sf.o)
 .debug_info    0x0000102b      0x27f c:/imt_sdk_win_64/imt_sdk_win_64/winavr/bin/../lib/gcc/avr/4.3.3/avr5\libgcc.a(_ge_sf.o)
 .debug_info    0x000012aa      0x27f c:/imt_sdk_win_64/imt_sdk_win_64/winavr/bin/../lib/gcc/avr/4.3.3/avr5\libgcc.a(_lt_sf.o)
 .debug_info    0x00001529      0x207 c:/imt_sdk_win_64/imt_sdk_win_64/winavr/bin/../lib/gcc/avr/4.3.3/avr5\libgcc.a(_si_to_sf.o)
 .debug_info    0x00001730      0x2b0 c:/imt_sdk_win_64/imt_sdk_win_64/winavr/bin/../lib/gcc/avr/4.3.3/avr5\libgcc.a(_sf_to_si.o)
 .debug_info    0x000019e0      0x12c c:/imt_sdk_win_64/imt_sdk_win_64/winavr/bin/../lib/gcc/avr/4.3.3/avr5\libgcc.a(_thenan_sf.o)
 .debug_info    0x00001b0c      0x206 c:/imt_sdk_win_64/imt_sdk_win_64/winavr/bin/../lib/gcc/avr/4.3.3/avr5\libgcc.a(_usi_to_sf.o)
 .debug_info    0x00001d12      0x117 c:/imt_sdk_win_64/imt_sdk_win_64/winavr/bin/../lib/gcc/avr/4.3.3/avr5\libgcc.a(_clzsi2.o)
 .debug_info    0x00001e29      0x2df c:/imt_sdk_win_64/imt_sdk_win_64/winavr/bin/../lib/gcc/avr/4.3.3/avr5\libgcc.a(_pack_sf.o)
 .debug_info    0x00002108      0x251 c:/imt_sdk_win_64/imt_sdk_win_64/winavr/bin/../lib/gcc/avr/4.3.3/avr5\libgcc.a(_unpack_sf.o)
 .debug_info    0x00002359      0x210 c:/imt_sdk_win_64/imt_sdk_win_64/winavr/bin/../lib/gcc/avr/4.3.3/avr5\libgcc.a(_fpcmp_parts_sf.o)
 .debug_info    0x00002569       0xa9 c:/imt_sdk_win_64/imt_sdk_win_64/winavr/bin/../lib/gcc/avr/4.3.3/avr5\libgcc.a(_clz.o)
 *(.gnu.linkonce.wi.*)

.debug_abbrev   0x00000000     0x14ce
 *(.debug_abbrev)
 .debug_abbrev  0x00000000       0x5d c:/imt_sdk_win_64/imt_sdk_win_64/winavr/bin/../lib/gcc/avr/4.3.3/avr5\libgcc.a(_fixunssfsi.o)
 .debug_abbrev  0x0000005d      0x1ea c:/imt_sdk_win_64/imt_sdk_win_64/winavr/bin/../lib/gcc/avr/4.3.3/avr5\libgcc.a(_addsub_sf.o)
 .debug_abbrev  0x00000247      0x21b c:/imt_sdk_win_64/imt_sdk_win_64/winavr/bin/../lib/gcc/avr/4.3.3/avr5\libgcc.a(_mul_sf.o)
 .debug_abbrev  0x00000462      0x216 c:/imt_sdk_win_64/imt_sdk_win_64/winavr/bin/../lib/gcc/avr/4.3.3/avr5\libgcc.a(_div_sf.o)
 .debug_abbrev  0x00000678      0x15a c:/imt_sdk_win_64/imt_sdk_win_64/winavr/bin/../lib/gcc/avr/4.3.3/avr5\libgcc.a(_gt_sf.o)
 .debug_abbrev  0x000007d2      0x15a c:/imt_sdk_win_64/imt_sdk_win_64/winavr/bin/../lib/gcc/avr/4.3.3/avr5\libgcc.a(_ge_sf.o)
 .debug_abbrev  0x0000092c      0x15a c:/imt_sdk_win_64/imt_sdk_win_64/winavr/bin/../lib/gcc/avr/4.3.3/avr5\libgcc.a(_lt_sf.o)
 .debug_abbrev  0x00000a86      0x148 c:/imt_sdk_win_64/imt_sdk_win_64/winavr/bin/../lib/gcc/avr/4.3.3/avr5\libgcc.a(_si_to_sf.o)
 .debug_abbrev  0x00000bce      0x17f c:/imt_sdk_win_64/imt_sdk_win_64/winavr/bin/../lib/gcc/avr/4.3.3/avr5\libgcc.a(_sf_to_si.o)
 .debug_abbrev  0x00000d4d       0xad c:/imt_sdk_win_64/imt_sdk_win_64/winavr/bin/../lib/gcc/avr/4.3.3/avr5\libgcc.a(_thenan_sf.o)
 .debug_abbrev  0x00000dfa      0x157 c:/imt_sdk_win_64/imt_sdk_win_64/winavr/bin/../lib/gcc/avr/4.3.3/avr5\libgcc.a(_usi_to_sf.o)
 .debug_abbrev  0x00000f51       0xc4 c:/imt_sdk_win_64/imt_sdk_win_64/winavr/bin/../lib/gcc/avr/4.3.3/avr5\libgcc.a(_clzsi2.o)
 .debug_abbrev  0x00001015      0x1c0 c:/imt_sdk_win_64/imt_sdk_win_64/winavr/bin/../lib/gcc/avr/4.3.3/avr5\libgcc.a(_pack_sf.o)
 .debug_abbrev  0x000011d5      0x154 c:/imt_sdk_win_64/imt_sdk_win_64/winavr/bin/../lib/gcc/avr/4.3.3/avr5\libgcc.a(_unpack_sf.o)
 .debug_abbrev  0x00001329      0x13b c:/imt_sdk_win_64/imt_sdk_win_64/winavr/bin/../lib/gcc/avr/4.3.3/avr5\libgcc.a(_fpcmp_parts_sf.o)
 .debug_abbrev  0x00001464       0x6a c:/imt_sdk_win_64/imt_sdk_win_64/winavr/bin/../lib/gcc/avr/4.3.3/avr5\libgcc.a(_clz.o)

.debug_line     0x00000000     0x130b
 *(.debug_line)
 .debug_line    0x00000000       0xa7 c:/imt_sdk_win_64/imt_sdk_win_64/winavr/bin/../lib/gcc/avr/4.3.3/avr5\libgcc.a(_fixunssfsi.o)
 .debug_line    0x000000a7      0x2af c:/imt_sdk_win_64/imt_sdk_win_64/winavr/bin/../lib/gcc/avr/4.3.3/avr5\libgcc.a(_addsub_sf.o)
 .debug_line    0x00000356      0x239 c:/imt_sdk_win_64/imt_sdk_win_64/winavr/bin/../lib/gcc/avr/4.3.3/avr5\libgcc.a(_mul_sf.o)
 .debug_line    0x0000058f      0x1d5 c:/imt_sdk_win_64/imt_sdk_win_64/winavr/bin/../lib/gcc/avr/4.3.3/avr5\libgcc.a(_div_sf.o)
 .debug_line    0x00000764       0xd3 c:/imt_sdk_win_64/imt_sdk_win_64/winavr/bin/../lib/gcc/avr/4.3.3/avr5\libgcc.a(_gt_sf.o)
 .debug_line    0x00000837       0xd3 c:/imt_sdk_win_64/imt_sdk_win_64/winavr/bin/../lib/gcc/avr/4.3.3/avr5\libgcc.a(_ge_sf.o)
 .debug_line    0x0000090a       0xd3 c:/imt_sdk_win_64/imt_sdk_win_64/winavr/bin/../lib/gcc/avr/4.3.3/avr5\libgcc.a(_lt_sf.o)
 .debug_line    0x000009dd      0x135 c:/imt_sdk_win_64/imt_sdk_win_64/winavr/bin/../lib/gcc/avr/4.3.3/avr5\libgcc.a(_si_to_sf.o)
 .debug_line    0x00000b12      0x109 c:/imt_sdk_win_64/imt_sdk_win_64/winavr/bin/../lib/gcc/avr/4.3.3/avr5\libgcc.a(_sf_to_si.o)
 .debug_line    0x00000c1b       0x90 c:/imt_sdk_win_64/imt_sdk_win_64/winavr/bin/../lib/gcc/avr/4.3.3/avr5\libgcc.a(_thenan_sf.o)
 .debug_line    0x00000cab      0x133 c:/imt_sdk_win_64/imt_sdk_win_64/winavr/bin/../lib/gcc/avr/4.3.3/avr5\libgcc.a(_usi_to_sf.o)
 .debug_line    0x00000dde       0xa5 c:/imt_sdk_win_64/imt_sdk_win_64/winavr/bin/../lib/gcc/avr/4.3.3/avr5\libgcc.a(_clzsi2.o)
 .debug_line    0x00000e83      0x18a c:/imt_sdk_win_64/imt_sdk_win_64/winavr/bin/../lib/gcc/avr/4.3.3/avr5\libgcc.a(_pack_sf.o)
 .debug_line    0x0000100d      0x14b c:/imt_sdk_win_64/imt_sdk_win_64/winavr/bin/../lib/gcc/avr/4.3.3/avr5\libgcc.a(_unpack_sf.o)
 .debug_line    0x00001158      0x137 c:/imt_sdk_win_64/imt_sdk_win_64/winavr/bin/../lib/gcc/avr/4.3.3/avr5\libgcc.a(_fpcmp_parts_sf.o)
 .debug_line    0x0000128f       0x7c c:/imt_sdk_win_64/imt_sdk_win_64/winavr/bin/../lib/gcc/avr/4.3.3/avr5\libgcc.a(_clz.o)

.debug_frame    0x00000000      0x1e0
 *(.debug_frame)
 .debug_frame   0x00000000       0x20 c:/imt_sdk_win_64/imt_sdk_win_64/winavr/bin/../lib/gcc/avr/4.3.3/avr5\libgcc.a(_fixunssfsi.o)
 .debug_frame   0x00000020       0x40 c:/imt_sdk_win_64/imt_sdk_win_64/winavr/bin/../lib/gcc/avr/4.3.3/avr5\libgcc.a(_addsub_sf.o)
 .debug_frame   0x00000060       0x20 c:/imt_sdk_win_64/imt_sdk_win_64/winavr/bin/../lib/gcc/avr/4.3.3/avr5\libgcc.a(_mul_sf.o)
 .debug_frame   0x00000080       0x20 c:/imt_sdk_win_64/imt_sdk_win_64/winavr/bin/../lib/gcc/avr/4.3.3/avr5\libgcc.a(_div_sf.o)
 .debug_frame   0x000000a0       0x20 c:/imt_sdk_win_64/imt_sdk_win_64/winavr/bin/../lib/gcc/avr/4.3.3/avr5\libgcc.a(_gt_sf.o)
 .debug_frame   0x000000c0       0x20 c:/imt_sdk_win_64/imt_sdk_win_64/winavr/bin/../lib/gcc/avr/4.3.3/avr5\libgcc.a(_ge_sf.o)
 .debug_frame   0x000000e0       0x20 c:/imt_sdk_win_64/imt_sdk_win_64/winavr/bin/../lib/gcc/avr/4.3.3/avr5\libgcc.a(_lt_sf.o)
 .debug_frame   0x00000100       0x20 c:/imt_sdk_win_64/imt_sdk_win_64/winavr/bin/../lib/gcc/avr/4.3.3/avr5\libgcc.a(_si_to_sf.o)
 .debug_frame   0x00000120       0x20 c:/imt_sdk_win_64/imt_sdk_win_64/winavr/bin/../lib/gcc/avr/4.3.3/avr5\libgcc.a(_sf_to_si.o)
 .debug_frame   0x00000140       0x20 c:/imt_sdk_win_64/imt_sdk_win_64/winavr/bin/../lib/gcc/avr/4.3.3/avr5\libgcc.a(_usi_to_sf.o)
 .debug_frame   0x00000160       0x20 c:/imt_sdk_win_64/imt_sdk_win_64/winavr/bin/../lib/gcc/avr/4.3.3/avr5\libgcc.a(_clzsi2.o)
 .debug_frame   0x00000180       0x20 c:/imt_sdk_win_64/imt_sdk_win_64/winavr/bin/../lib/gcc/avr/4.3.3/avr5\libgcc.a(_pack_sf.o)
 .debug_frame   0x000001a0       0x20 c:/imt_sdk_win_64/imt_sdk_win_64/winavr/bin/../lib/gcc/avr/4.3.3/avr5\libgcc.a(_unpack_sf.o)
 .debug_frame   0x000001c0       0x20 c:/imt_sdk_win_64/imt_sdk_win_64/winavr/bin/../lib/gcc/avr/4.3.3/avr5\libgcc.a(_fpcmp_parts_sf.o)

.debug_str      0x00000000      0x307
 *(.debug_str)
 .debug_str     0x00000000       0xbf c:/imt_sdk_win_64/imt_sdk_win_64/winavr/bin/../lib/gcc/avr/4.3.3/avr5\libgcc.a(_fixunssfsi.o)
                                 0xfe (size before relaxing)
 .debug_str     0x000000bf      0x14d c:/imt_sdk_win_64/imt_sdk_win_64/winavr/bin/../lib/gcc/avr/4.3.3/avr5\libgcc.a(_addsub_sf.o)
                                0x206 (size before relaxing)
 .debug_str     0x0000020c       0x27 c:/imt_sdk_win_64/imt_sdk_win_64/winavr/bin/../lib/gcc/avr/4.3.3/avr5\libgcc.a(_mul_sf.o)
                                0x1bf (size before relaxing)
 .debug_str     0x00000233       0x35 c:/imt_sdk_win_64/imt_sdk_win_64/winavr/bin/../lib/gcc/avr/4.3.3/avr5\libgcc.a(_div_sf.o)
                                0x1c8 (size before relaxing)
 .debug_str     0x00000268        0x8 c:/imt_sdk_win_64/imt_sdk_win_64/winavr/bin/../lib/gcc/avr/4.3.3/avr5\libgcc.a(_gt_sf.o)
                                0x195 (size before relaxing)
 .debug_str     0x00000270        0x8 c:/imt_sdk_win_64/imt_sdk_win_64/winavr/bin/../lib/gcc/avr/4.3.3/avr5\libgcc.a(_ge_sf.o)
                                0x195 (size before relaxing)
 .debug_str     0x00000278        0x8 c:/imt_sdk_win_64/imt_sdk_win_64/winavr/bin/../lib/gcc/avr/4.3.3/avr5\libgcc.a(_lt_sf.o)
                                0x195 (size before relaxing)
 .debug_str     0x00000280       0x1e c:/imt_sdk_win_64/imt_sdk_win_64/winavr/bin/../lib/gcc/avr/4.3.3/avr5\libgcc.a(_si_to_sf.o)
                                0x17b (size before relaxing)
 .debug_str     0x0000029e        0xa c:/imt_sdk_win_64/imt_sdk_win_64/winavr/bin/../lib/gcc/avr/4.3.3/avr5\libgcc.a(_sf_to_si.o)
                                0x19e (size before relaxing)
 .debug_str     0x00000000      0x103 c:/imt_sdk_win_64/imt_sdk_win_64/winavr/bin/../lib/gcc/avr/4.3.3/avr5\libgcc.a(_thenan_sf.o)
 .debug_str     0x000002a8       0x14 c:/imt_sdk_win_64/imt_sdk_win_64/winavr/bin/../lib/gcc/avr/4.3.3/avr5\libgcc.a(_usi_to_sf.o)
                                0x177 (size before relaxing)
 .debug_str     0x000002bc       0x20 c:/imt_sdk_win_64/imt_sdk_win_64/winavr/bin/../lib/gcc/avr/4.3.3/avr5\libgcc.a(_clzsi2.o)
                                0x111 (size before relaxing)
 .debug_str     0x000002dc       0x10 c:/imt_sdk_win_64/imt_sdk_win_64/winavr/bin/../lib/gcc/avr/4.3.3/avr5\libgcc.a(_pack_sf.o)
                                0x19d (size before relaxing)
 .debug_str     0x000002ec        0xb c:/imt_sdk_win_64/imt_sdk_win_64/winavr/bin/../lib/gcc/avr/4.3.3/avr5\libgcc.a(_unpack_sf.o)
                                0x17f (size before relaxing)
 .debug_str     0x000002f7       0x10 c:/imt_sdk_win_64/imt_sdk_win_64/winavr/bin/../lib/gcc/avr/4.3.3/avr5\libgcc.a(_fpcmp_parts_sf.o)
                                0x163 (size before relaxing)
 .debug_str     0x00000000       0xf4 c:/imt_sdk_win_64/imt_sdk_win_64/winavr/bin/../lib/gcc/avr/4.3.3/avr5\libgcc.a(_clz.o)

.debug_loc      0x00000000      0xa1a
 *(.debug_loc)
 .debug_loc     0x00000000       0x34 c:/imt_sdk_win_64/imt_sdk_win_64/winavr/bin/../lib/gcc/avr/4.3.3/avr5\libgcc.a(_fixunssfsi.o)
 .debug_loc     0x00000034      0x32a c:/imt_sdk_win_64/imt_sdk_win_64/winavr/bin/../lib/gcc/avr/4.3.3/avr5\libgcc.a(_addsub_sf.o)
 .debug_loc     0x0000035e      0x104 c:/imt_sdk_win_64/imt_sdk_win_64/winavr/bin/../lib/gcc/avr/4.3.3/avr5\libgcc.a(_mul_sf.o)
 .debug_loc     0x00000462       0xc0 c:/imt_sdk_win_64/imt_sdk_win_64/winavr/bin/../lib/gcc/avr/4.3.3/avr5\libgcc.a(_div_sf.o)
 .debug_loc     0x00000522       0x3c c:/imt_sdk_win_64/imt_sdk_win_64/winavr/bin/../lib/gcc/avr/4.3.3/avr5\libgcc.a(_gt_sf.o)
 .debug_loc     0x0000055e       0x3c c:/imt_sdk_win_64/imt_sdk_win_64/winavr/bin/../lib/gcc/avr/4.3.3/avr5\libgcc.a(_ge_sf.o)
 .debug_loc     0x0000059a       0x3c c:/imt_sdk_win_64/imt_sdk_win_64/winavr/bin/../lib/gcc/avr/4.3.3/avr5\libgcc.a(_lt_sf.o)
 .debug_loc     0x000005d6       0xac c:/imt_sdk_win_64/imt_sdk_win_64/winavr/bin/../lib/gcc/avr/4.3.3/avr5\libgcc.a(_si_to_sf.o)
 .debug_loc     0x00000682       0x7e c:/imt_sdk_win_64/imt_sdk_win_64/winavr/bin/../lib/gcc/avr/4.3.3/avr5\libgcc.a(_sf_to_si.o)
 .debug_loc     0x00000700       0x4c c:/imt_sdk_win_64/imt_sdk_win_64/winavr/bin/../lib/gcc/avr/4.3.3/avr5\libgcc.a(_usi_to_sf.o)
 .debug_loc     0x0000074c       0x94 c:/imt_sdk_win_64/imt_sdk_win_64/winavr/bin/../lib/gcc/avr/4.3.3/avr5\libgcc.a(_clzsi2.o)
 .debug_loc     0x000007e0      0x13e c:/imt_sdk_win_64/imt_sdk_win_64/winavr/bin/../lib/gcc/avr/4.3.3/avr5\libgcc.a(_pack_sf.o)
 .debug_loc     0x0000091e       0xac c:/imt_sdk_win_64/imt_sdk_win_64/winavr/bin/../lib/gcc/avr/4.3.3/avr5\libgcc.a(_unpack_sf.o)
 .debug_loc     0x000009ca       0x50 c:/imt_sdk_win_64/imt_sdk_win_64/winavr/bin/../lib/gcc/avr/4.3.3/avr5\libgcc.a(_fpcmp_parts_sf.o)

.debug_macinfo
 *(.debug_macinfo)
OUTPUT(AVR_Drivers.elf elf32-avr)
LOAD linker stubs

.debug_ranges   0x00000000       0x50
 .debug_ranges  0x00000000       0x50 c:/imt_sdk_win_64/imt_sdk_win_64/winavr/bin/../lib/gcc/avr/4.3.3/avr5\libgcc.a(_mul_sf.o)
